   0.5 {"type":5,"ch":15,"rssi":-113,"battLow":0,"windSpeedMph":0,"windDirDeg":248,"rainRate_raw":255}
   9.0 {"type":14,"ch":18,"rssi":-119,"battLow":0,"windSpeedMph":0,"windDirDeg":248,"rainCount":139}
  11.5 {"type":5,"ch":19,"rssi":-119,"battLow":0,"windSpeedMph":0,"windDirDeg":316,"rainRate_raw":255}
  15.1 # good=728 weak=779 junk=1 locked=1 ch=20
  17.1 {"type":9,"ch":21,"rssi":-109,"battLow":0,"windSpeedMph":0,"windDirDeg":293,"gust_raw":2}
  28.1 {"type":10,"ch":25,"rssi":-118,"battLow":0,"windSpeedMph":0,"windDirDeg":290,"humidity":58.0}
  30.1 # good=730 weak=781 junk=1 locked=1 ch=25
  31.1 {"type":14,"ch":26,"rssi":-120,"battLow":0,"windSpeedMph":0,"windDirDeg":269,"rainCount":139}
  41.7 {"type":14,"ch":30,"rssi":-110,"battLow":0,"windSpeedMph":0,"windDirDeg":269,"rainCount":139}
  45.2 # good=732 weak=783 junk=1 locked=1 ch=31
  50.2 {"type":7,"ch":33,"rssi":-113,"battLow":0,"windSpeedMph":0,"windDirDeg":269}
  52.7 {"type":14,"ch":34,"rssi":-113,"battLow":0,"windSpeedMph":0,"windDirDeg":269,"rainCount":139}
  58.2 {"type":8,"ch":36,"rssi":-117,"battLow":0,"windSpeedMph":0,"windDirDeg":269,"tempF":74.3}
  60.2 # good=735 weak=786 junk=2 locked=1 ch=36
  63.7 {"type":14,"ch":38,"rssi":-117,"battLow":0,"windSpeedMph":0,"windDirDeg":269,"rainCount":139}
  72.3 {"type":9,"ch":41,"rssi":-117,"battLow":0,"windSpeedMph":0,"windDirDeg":269,"gust_raw":2}
  75.3 # good=737 weak=788 junk=2 locked=1 ch=42
  77.8 {"type":5,"ch":43,"rssi":-118,"battLow":0,"windSpeedMph":0,"windDirDeg":269,"rainRate_raw":255}
  85.8 {"type":14,"ch":46,"rssi":-118,"battLow":0,"windSpeedMph":0,"windDirDeg":269,"rainCount":139}
  90.4 # good=739 weak=790 junk=2 locked=1 ch=47
 105.4 # good=739 weak=792 junk=3 locked=1 ch=2
 113.4 {"type":8,"ch":5,"rssi":-117,"battLow":0,"windSpeedMph":2,"windDirDeg":232,"tempF":74.4}
 119.0 {"type":14,"ch":7,"rssi":-117,"battLow":0,"windSpeedMph":1,"windDirDeg":269,"rainCount":139}
 120.5 # good=741 weak=794 junk=3 locked=1 ch=7
 130.0 {"type":14,"ch":11,"rssi":-120,"battLow":0,"windSpeedMph":1,"windDirDeg":266,"rainCount":139}
 132.5 {"type":5,"ch":12,"rssi":-116,"battLow":0,"windSpeedMph":1,"windDirDeg":264,"rainRate_raw":255}
 135.0 # good=743 weak=796 junk=3 locked=1 ch=12
 141.1 {"type":14,"ch":15,"rssi":-117,"battLow":0,"windSpeedMph":0,"windDirDeg":258,"rainCount":139}
 143.6 {"type":5,"ch":16,"rssi":-115,"battLow":0,"windSpeedMph":0,"windDirDeg":237,"rainRate_raw":255}
 150.1 # good=745 weak=798 junk=3 locked=1 ch=18
 152.1 {"type":14,"ch":19,"rssi":-115,"battLow":0,"windSpeedMph":2,"windDirDeg":242,"rainCount":139}
 160.1 {"type":7,"ch":22,"rssi":-120,"battLow":0,"windSpeedMph":1,"windDirDeg":247}
 165.2 # good=747 weak=801 junk=3 locked=1 ch=23
 168.2 {"type":8,"ch":25,"rssi":-115,"battLow":0,"windSpeedMph":0,"windDirDeg":265,"tempF":74.5}
 171.2 {"type":3,"ch":26,"rssi":-116,"battLow":0,"windSpeedMph":1,"windDirDeg":251}
 180.2 # good=749 weak=803 junk=3 locked=1 ch=29
 182.2 {"type":9,"ch":30,"rssi":-110,"battLow":0,"windSpeedMph":1,"windDirDeg":282,"gust_raw":3}
