   0.5 # waiting for a strong packet to lock onto...
 129.6 # locked on
 129.6 {"type":2,"ch":26,"rssi":-85,"battLow":0,"windSpeedMph":0,"windDirDeg":94,"supercap_raw":77}
 129.6 # good=1 bleed=5 junk=0 locked=1
 132.1 {"type":14,"ch":27,"rssi":-84,"battLow":0,"windSpeedMph":0,"windDirDeg":94,"rainCount":133}
 134.6 {"type":5,"ch":28,"rssi":-92,"battLow":0,"windSpeedMph":0,"windDirDeg":94,"rainRate_raw":255}
 137.6 {"type":8,"ch":29,"rssi":-85,"battLow":0,"windSpeedMph":0,"windDirDeg":94,"tempF":71.1}
 140.1 {"type":7,"ch":30,"rssi":-95,"battLow":0,"windSpeedMph":0,"windDirDeg":94}
 143.1 {"type":14,"ch":31,"rssi":-82,"battLow":0,"windSpeedMph":0,"windDirDeg":94,"rainCount":133}
 145.6 {"type":5,"ch":32,"rssi":-95,"battLow":0,"windSpeedMph":0,"windDirDeg":94,"rainRate_raw":255}
 148.6 {"type":8,"ch":33,"rssi":-95,"battLow":0,"windSpeedMph":0,"windDirDeg":94,"tempF":71.1}
 151.1 {"type":3,"ch":34,"rssi":-90,"battLow":0,"windSpeedMph":0,"windDirDeg":94}
 154.1 {"type":14,"ch":35,"rssi":-95,"battLow":0,"windSpeedMph":0,"windDirDeg":94,"rainCount":133}
 156.7 {"type":5,"ch":36,"rssi":-80,"battLow":0,"windSpeedMph":0,"windDirDeg":94,"rainRate_raw":255}
 159.2 # good=11 bleed=15 junk=0 locked=1
 159.7 {"type":8,"ch":37,"rssi":-95,"battLow":0,"windSpeedMph":0,"windDirDeg":94,"tempF":71.1}
 162.2 {"type":9,"ch":38,"rssi":-85,"battLow":0,"windSpeedMph":0,"windDirDeg":94,"gust_raw":0}
 165.2 {"type":14,"ch":39,"rssi":-86,"battLow":0,"windSpeedMph":0,"windDirDeg":94,"rainCount":133}
 167.7 {"type":5,"ch":40,"rssi":-96,"battLow":0,"windSpeedMph":0,"windDirDeg":94,"rainRate_raw":255}
 170.7 {"type":8,"ch":41,"rssi":-82,"battLow":0,"windSpeedMph":0,"windDirDeg":94,"tempF":71.1}
 173.2 {"type":10,"ch":42,"rssi":-86,"battLow":0,"windSpeedMph":0,"windDirDeg":94,"humidity":57.5}
 176.2 {"type":14,"ch":43,"rssi":-98,"battLow":0,"windSpeedMph":0,"windDirDeg":94,"rainCount":133}
 178.7 {"type":5,"ch":44,"rssi":-81,"battLow":0,"windSpeedMph":0,"windDirDeg":94,"rainRate_raw":255}
 181.8 {"type":8,"ch":45,"rssi":-96,"battLow":0,"windSpeedMph":0,"windDirDeg":94,"tempF":71.1}
 184.3 {"type":2,"ch":46,"rssi":-84,"battLow":0,"windSpeedMph":0,"windDirDeg":94,"supercap_raw":77}
 187.3 {"type":14,"ch":47,"rssi":-96,"battLow":0,"windSpeedMph":0,"windDirDeg":94,"rainCount":133}
 189.3 # good=22 bleed=26 junk=0 locked=1
 189.8 {"type":5,"ch":48,"rssi":-84,"battLow":0,"windSpeedMph":0,"windDirDeg":94,"rainRate_raw":255}
 192.8 {"type":8,"ch":49,"rssi":-82,"battLow":0,"windSpeedMph":0,"windDirDeg":94,"tempF":71.1}
 195.3 {"type":7,"ch":50,"rssi":-85,"battLow":0,"windSpeedMph":0,"windDirDeg":94}
 198.3 {"type":14,"ch":0,"rssi":-82,"battLow":0,"windSpeedMph":0,"windDirDeg":94,"rainCount":133}
 200.8 {"type":5,"ch":1,"rssi":-96,"battLow":0,"windSpeedMph":0,"windDirDeg":94,"rainRate_raw":255}
 203.3 {"type":8,"ch":2,"rssi":-82,"battLow":0,"windSpeedMph":0,"windDirDeg":94,"tempF":71.1}
 206.4 {"type":3,"ch":3,"rssi":-82,"battLow":0,"windSpeedMph":0,"windDirDeg":94}
 208.9 {"type":14,"ch":4,"rssi":-96,"battLow":0,"windSpeedMph":0,"windDirDeg":94,"rainCount":133}
 211.9 {"type":5,"ch":5,"rssi":-88,"battLow":0,"windSpeedMph":0,"windDirDeg":94,"rainRate_raw":255}
 214.4 {"type":8,"ch":6,"rssi":-82,"battLow":0,"windSpeedMph":0,"windDirDeg":94,"tempF":71.1}
 217.4 {"type":9,"ch":7,"rssi":-93,"battLow":0,"windSpeedMph":0,"windDirDeg":94,"gust_raw":0}
 219.4 # good=33 bleed=37 junk=0 locked=1
 219.9 {"type":14,"ch":8,"rssi":-81,"battLow":0,"windSpeedMph":0,"windDirDeg":94,"rainCount":133}
 222.9 {"type":5,"ch":9,"rssi":-97,"battLow":0,"windSpeedMph":0,"windDirDeg":94,"rainRate_raw":255}
 225.4 {"type":8,"ch":10,"rssi":-82,"battLow":0,"windSpeedMph":0,"windDirDeg":94,"tempF":71.1}
 228.4 {"type":10,"ch":11,"rssi":-97,"battLow":0,"windSpeedMph":0,"windDirDeg":94,"humidity":57.4}
 230.9 {"type":14,"ch":12,"rssi":-86,"battLow":0,"windSpeedMph":0,"windDirDeg":94,"rainCount":133}
 234.0 {"type":5,"ch":13,"rssi":-85,"battLow":0,"windSpeedMph":0,"windDirDeg":94,"rainRate_raw":255}
 236.5 {"type":8,"ch":14,"rssi":-94,"battLow":0,"windSpeedMph":0,"windDirDeg":94,"tempF":71.1}
 239.5 {"type":2,"ch":15,"rssi":-95,"battLow":0,"windSpeedMph":0,"windDirDeg":94,"supercap_raw":77}
 242.0 {"type":14,"ch":16,"rssi":-93,"battLow":0,"windSpeedMph":0,"windDirDeg":94,"rainCount":133}
 245.0 {"type":5,"ch":17,"rssi":-99,"battLow":0,"windSpeedMph":0,"windDirDeg":94,"rainRate_raw":255}
 247.5 {"type":8,"ch":18,"rssi":-93,"battLow":0,"windSpeedMph":0,"windDirDeg":94,"tempF":71.0}
 249.5 # good=44 bleed=48 junk=0 locked=1
