   0.1 [sweep] 902-928 MHz, 200kHz steps, reporting anything > -95 dBm
   0.1 [sweep] station should read around -40 dBm at 30cm
   0.1 [DETECT] 902.000 MHz  rssi=-44.0 dBm
   0.1 [DETECT] 902.200 MHz  rssi=-93.0 dBm
   0.1 [DETECT] 902.400 MHz  rssi=-93.0 dBm
   0.3 [DETECT] 902.600 MHz  rssi=-93.0 dBm
   0.3 [DETECT] 902.800 MHz  rssi=-89.0 dBm
   0.3 [DETECT] 903.000 MHz  rssi=-92.5 dBm
   0.3 [DETECT] 903.200 MHz  rssi=-88.0 dBm
   0.3 [DETECT] 903.400 MHz  rssi=-84.0 dBm
   0.3 [DETECT] 903.600 MHz  rssi=-87.5 dBm
   0.3 [DETECT] 903.800 MHz  rssi=-90.0 dBm
   0.8 [DETECT] 904.000 MHz  rssi=-88.0 dBm
   0.8 [DETECT] 904.200 MHz  rssi=-88.5 dBm
   0.8 [DETECT] 904.400 MHz  rssi=-92.0 dBm
   0.8 [DETECT] 904.600 MHz  rssi=-94.0 dBm
   1.8 [DETECT] 911.201 MHz  rssi=-94.0 dBm
   1.8 [DETECT] 911.601 MHz  rssi=-94.5 dBm
   1.8 [DETECT] 911.801 MHz  rssi=-94.0 dBm
   1.8 [DETECT] 912.001 MHz  rssi=-91.0 dBm
   2.4 [DETECT] 914.801 MHz  rssi=-56.5 dBm
   4.1 [DETECT] 927.802 MHz  rssi=-92.5 dBm
   4.1 [sweep] pass 1 strongest=-44.0dBm @ 902.000MHz  detections=20
   4.1 [DETECT] 902.000 MHz  rssi=-87.0 dBm
   4.1 [DETECT] 902.200 MHz  rssi=-92.0 dBm
   4.1 [DETECT] 902.400 MHz  rssi=-94.5 dBm
   4.1 [DETECT] 902.800 MHz  rssi=-91.5 dBm
   4.3 [DETECT] 903.200 MHz  rssi=-88.5 dBm
   4.3 [DETECT] 903.400 MHz  rssi=-89.5 dBm
   4.3 [DETECT] 903.600 MHz  rssi=-89.0 dBm
   4.3 [DETECT] 903.800 MHz  rssi=-87.5 dBm
   4.3 [DETECT] 904.000 MHz  rssi=-91.5 dBm
   4.3 [DETECT] 904.200 MHz  rssi=-88.0 dBm
   4.8 [DETECT] 904.400 MHz  rssi=-91.0 dBm
   4.8 [DETECT] 904.600 MHz  rssi=-94.0 dBm
   4.8 [DETECT] 907.200 MHz  rssi=-63.5 dBm
   5.8 [DETECT] 911.401 MHz  rssi=-94.5 dBm
   5.8 [DETECT] 911.801 MHz  rssi=-94.5 dBm
   7.8 [DETECT] 925.401 MHz  rssi=-71.5 dBm
   7.8 [DETECT] 927.802 MHz  rssi=-92.5 dBm
   7.8 [sweep] pass 2 strongest=-63.5dBm @ 907.200MHz  detections=37
   8.1 [DETECT] 902.200 MHz  rssi=-92.5 dBm
   8.1 [DETECT] 902.600 MHz  rssi=-94.0 dBm
   8.1 [DETECT] 902.800 MHz  rssi=-94.5 dBm
   8.1 [DETECT] 903.000 MHz  rssi=-87.0 dBm
   8.1 [DETECT] 903.200 MHz  rssi=-90.0 dBm
   8.1 [DETECT] 903.400 MHz  rssi=-89.5 dBm
   8.6 [DETECT] 903.600 MHz  rssi=-88.0 dBm
   8.6 [DETECT] 903.800 MHz  rssi=-86.5 dBm
   8.6 [DETECT] 904.000 MHz  rssi=-86.5 dBm
   8.6 [DETECT] 904.200 MHz  rssi=-91.0 dBm
   8.6 [DETECT] 904.400 MHz  rssi=-88.0 dBm
   9.6 [DETECT] 911.001 MHz  rssi=-94.0 dBm
   9.6 [DETECT] 911.601 MHz  rssi=-93.5 dBm
   9.6 [DETECT] 911.801 MHz  rssi=-90.5 dBm
   9.6 [DETECT] 912.001 MHz  rssi=-92.5 dBm
  10.6 [DETECT] 917.801 MHz  rssi=-73.5 dBm
  11.6 [DETECT] 926.802 MHz  rssi=-85.0 dBm
  11.9 [DETECT] 927.802 MHz  rssi=-92.5 dBm
  11.9 [sweep] pass 3 strongest=-73.5dBm @ 917.801MHz  detections=55
  11.9 [DETECT] 902.000 MHz  rssi=-94.0 dBm
  11.9 [DETECT] 902.400 MHz  rssi=-94.0 dBm
  11.9 [DETECT] 902.600 MHz  rssi=-92.5 dBm
  11.9 [DETECT] 902.800 MHz  rssi=-93.0 dBm
  12.1 [DETECT] 903.000 MHz  rssi=-93.0 dBm
  12.1 [DETECT] 903.200 MHz  rssi=-88.5 dBm
  12.1 [DETECT] 903.400 MHz  rssi=-83.0 dBm
  12.1 [DETECT] 903.600 MHz  rssi=-88.0 dBm
  12.1 [DETECT] 903.800 MHz  rssi=-87.0 dBm
  12.1 [DETECT] 904.000 MHz  rssi=-86.5 dBm
  12.6 [DETECT] 904.200 MHz  rssi=-94.0 dBm
  12.6 [DETECT] 904.400 MHz  rssi=-88.5 dBm
  12.6 [DETECT] 904.600 MHz  rssi=-94.0 dBm
  12.6 [DETECT] 904.800 MHz  rssi=-92.5 dBm
  13.1 [DETECT] 910.201 MHz  rssi=-68.5 dBm
  13.6 [DETECT] 911.201 MHz  rssi=-94.0 dBm
  13.6 [DETECT] 911.801 MHz  rssi=-94.0 dBm
  15.8 [DETECT] 927.802 MHz  rssi=-92.5 dBm
  15.8 [sweep] pass 4 strongest=-68.5dBm @ 910.201MHz  detections=73
  15.8 [DETECT] 902.000 MHz  rssi=-93.5 dBm
  15.8 [DETECT] 902.200 MHz  rssi=-88.5 dBm
  15.8 [DETECT] 902.400 MHz  rssi=-74.5 dBm
  15.8 [DETECT] 902.600 MHz  rssi=-93.5 dBm
  15.9 [DETECT] 902.800 MHz  rssi=-91.5 dBm
  15.9 [DETECT] 903.000 MHz  rssi=-92.5 dBm
  15.9 [DETECT] 903.200 MHz  rssi=-92.5 dBm
  15.9 [DETECT] 903.400 MHz  rssi=-86.5 dBm
  15.9 [DETECT] 903.600 MHz  rssi=-91.0 dBm
  15.9 [DETECT] 903.800 MHz  rssi=-89.5 dBm
  16.4 [DETECT] 904.000 MHz  rssi=-90.5 dBm
  16.4 [DETECT] 904.200 MHz  rssi=-94.0 dBm
  16.4 [DETECT] 904.400 MHz  rssi=-92.5 dBm
  16.9 [DETECT] 909.800 MHz  rssi=-92.0 dBm
  17.4 [DETECT] 911.801 MHz  rssi=-94.0 dBm
  17.4 [DETECT] 912.001 MHz  rssi=-94.0 dBm
  19.0 [DETECT] 920.801 MHz  rssi=-67.5 dBm
  19.7 [DETECT] 927.802 MHz  rssi=-92.5 dBm
  19.7 [sweep] pass 5 strongest=-67.5dBm @ 920.801MHz  detections=91
  19.7 [DETECT] 902.000 MHz  rssi=-94.0 dBm
  19.7 [DETECT] 902.200 MHz  rssi=-92.5 dBm
  19.7 [DETECT] 902.400 MHz  rssi=-93.0 dBm
  19.7 [DETECT] 902.800 MHz  rssi=-92.5 dBm
  19.9 [DETECT] 903.000 MHz  rssi=-91.0 dBm
  19.9 [DETECT] 903.200 MHz  rssi=-91.0 dBm
  19.9 [DETECT] 903.400 MHz  rssi=-85.0 dBm
  19.9 [DETECT] 903.600 MHz  rssi=-91.0 dBm
  19.9 [DETECT] 903.800 MHz  rssi=-85.5 dBm
  19.9 [DETECT] 904.000 MHz  rssi=-88.0 dBm
  20.4 [DETECT] 904.200 MHz  rssi=-88.0 dBm
  20.4 [DETECT] 904.400 MHz  rssi=-91.5 dBm
  20.4 [DETECT] 904.600 MHz  rssi=-94.0 dBm
  21.1 [DETECT] 911.201 MHz  rssi=-94.0 dBm
  21.1 [DETECT] 911.401 MHz  rssi=-94.0 dBm
  21.1 [DETECT] 911.601 MHz  rssi=-93.5 dBm
  21.1 [DETECT] 911.801 MHz  rssi=-94.0 dBm
  21.1 [DETECT] 912.001 MHz  rssi=-94.5 dBm
  21.1 [DETECT] 912.201 MHz  rssi=-92.0 dBm
  21.6 [DETECT] 912.401 MHz  rssi=-94.0 dBm
  21.6 [DETECT] 913.001 MHz  rssi=-82.0 dBm
  21.6 [DETECT] 913.201 MHz  rssi=-70.0 dBm
  23.1 [DETECT] 923.201 MHz  rssi=-80.0 dBm
  23.6 [DETECT] 927.802 MHz  rssi=-92.5 dBm
  23.6 [sweep] pass 6 strongest=-70.0dBm @ 913.201MHz  detections=115
  23.6 [DETECT] 902.000 MHz  rssi=-87.5 dBm
  23.6 [DETECT] 902.200 MHz  rssi=-94.5 dBm
  23.6 [DETECT] 902.400 MHz  rssi=-94.0 dBm
  23.6 [DETECT] 902.600 MHz  rssi=-94.0 dBm
  23.7 [DETECT] 902.800 MHz  rssi=-89.5 dBm
  23.7 [DETECT] 903.000 MHz  rssi=-91.0 dBm
  23.7 [DETECT] 903.200 MHz  rssi=-93.0 dBm
  23.7 [DETECT] 903.400 MHz  rssi=-88.0 dBm
  23.7 [DETECT] 903.600 MHz  rssi=-86.5 dBm
  23.7 [DETECT] 903.800 MHz  rssi=-90.5 dBm
  24.2 [DETECT] 904.000 MHz  rssi=-89.5 dBm
  24.2 [DETECT] 904.200 MHz  rssi=-86.5 dBm
  24.2 [DETECT] 904.400 MHz  rssi=-93.0 dBm
  24.2 [DETECT] 904.600 MHz  rssi=-94.0 dBm
  24.2 [DETECT] 905.400 MHz  rssi=-64.5 dBm
  25.2 [DETECT] 911.001 MHz  rssi=-94.0 dBm
  25.2 [DETECT] 912.001 MHz  rssi=-94.0 dBm
  25.2 [DETECT] 912.201 MHz  rssi=-92.5 dBm
  25.2 [DETECT] 912.401 MHz  rssi=-93.0 dBm
  26.8 [DETECT] 923.801 MHz  rssi=-82.0 dBm
  27.5 [DETECT] 927.802 MHz  rssi=-92.5 dBm
  27.5 [sweep] pass 7 strongest=-64.5dBm @ 905.400MHz  detections=136
  27.5 [DETECT] 902.000 MHz  rssi=-88.5 dBm
  27.5 [DETECT] 902.600 MHz  rssi=-94.0 dBm
  27.5 [DETECT] 902.800 MHz  rssi=-93.0 dBm
  27.5 [DETECT] 903.000 MHz  rssi=-89.5 dBm
  27.7 [DETECT] 903.200 MHz  rssi=-90.0 dBm
  27.7 [DETECT] 903.400 MHz  rssi=-88.5 dBm
  27.7 [DETECT] 903.600 MHz  rssi=-86.5 dBm
  27.7 [DETECT] 903.800 MHz  rssi=-88.0 dBm
  27.7 [DETECT] 904.000 MHz  rssi=-84.5 dBm
  27.7 [DETECT] 904.200 MHz  rssi=-88.0 dBm
  28.2 [DETECT] 904.400 MHz  rssi=-92.5 dBm
  28.2 [DETECT] 904.600 MHz  rssi=-94.0 dBm
  28.2 [DETECT] 904.800 MHz  rssi=-94.0 dBm
  28.7 [DETECT] 908.000 MHz  rssi=-91.5 dBm
  29.2 [DETECT] 911.401 MHz  rssi=-94.0 dBm
  29.2 [DETECT] 911.601 MHz  rssi=-94.0 dBm
  29.2 [DETECT] 912.001 MHz  rssi=-94.0 dBm
  29.2 [DETECT] 912.201 MHz  rssi=-94.5 dBm
  29.7 [DETECT] 916.001 MHz  rssi=-63.0 dBm
  29.7 [DETECT] 916.201 MHz  rssi=-63.0 dBm
  29.7 [DETECT] 916.401 MHz  rssi=-64.5 dBm
  31.2 [DETECT] 927.802 MHz  rssi=-92.5 dBm
  31.2 [sweep] pass 8 strongest=-63.0dBm @ 916.001MHz  detections=158
  31.4 [DETECT] 902.000 MHz  rssi=-88.5 dBm
  31.4 [DETECT] 902.200 MHz  rssi=-94.0 dBm
  31.4 [DETECT] 902.400 MHz  rssi=-94.0 dBm
  31.4 [DETECT] 902.600 MHz  rssi=-93.0 dBm
  31.4 [DETECT] 902.800 MHz  rssi=-91.5 dBm
  31.4 [DETECT] 903.000 MHz  rssi=-90.5 dBm
  31.6 [DETECT] 903.200 MHz  rssi=-89.5 dBm
  31.6 [DETECT] 903.400 MHz  rssi=-89.5 dBm
  31.6 [DETECT] 903.600 MHz  rssi=-90.0 dBm
  31.6 [DETECT] 903.800 MHz  rssi=-87.5 dBm
  31.6 [DETECT] 904.000 MHz  rssi=-89.5 dBm
  31.6 [DETECT] 904.200 MHz  rssi=-89.5 dBm
  31.6 [DETECT] 904.400 MHz  rssi=-87.0 dBm
  32.1 [DETECT] 904.600 MHz  rssi=-92.5 dBm
  32.6 [DETECT] 908.400 MHz  rssi=-76.5 dBm
  33.1 [DETECT] 911.401 MHz  rssi=-94.0 dBm
  33.1 [DETECT] 911.601 MHz  rssi=-94.5 dBm
  35.1 [DETECT] 926.802 MHz  rssi=-63.5 dBm
  35.1 [DETECT] 927.802 MHz  rssi=-92.5 dBm
  35.1 [sweep] pass 9 strongest=-63.5dBm @ 926.802MHz  detections=177
  35.1 [DETECT] 902.000 MHz  rssi=-94.0 dBm
  35.4 [DETECT] 902.200 MHz  rssi=-91.0 dBm
  35.4 [DETECT] 902.400 MHz  rssi=-93.0 dBm
  35.4 [DETECT] 902.600 MHz  rssi=-88.5 dBm
  35.4 [DETECT] 902.800 MHz  rssi=-88.5 dBm
  35.4 [DETECT] 903.000 MHz  rssi=-90.0 dBm
  35.4 [DETECT] 903.200 MHz  rssi=-85.0 dBm
  35.9 [DETECT] 903.400 MHz  rssi=-88.0 dBm
  35.9 [DETECT] 903.600 MHz  rssi=-86.5 dBm
  35.9 [DETECT] 903.800 MHz  rssi=-89.5 dBm
  35.9 [DETECT] 904.000 MHz  rssi=-91.0 dBm
  35.9 [DETECT] 904.200 MHz  rssi=-90.5 dBm
  35.9 [DETECT] 904.400 MHz  rssi=-89.0 dBm
  35.9 [DETECT] 904.600 MHz  rssi=-94.0 dBm
  36.9 [DETECT] 911.401 MHz  rssi=-94.5 dBm
  37.9 [DETECT] 919.001 MHz  rssi=-76.0 dBm
  37.9 [DETECT] 919.201 MHz  rssi=-68.5 dBm
  39.2 [DETECT] 927.802 MHz  rssi=-92.5 dBm
  39.2 [sweep] pass 10 strongest=-68.5dBm @ 919.201MHz  detections=195
  39.2 [DETECT] 902.000 MHz  rssi=-92.5 dBm
  39.2 [DETECT] 902.200 MHz  rssi=-94.5 dBm
  39.2 [DETECT] 902.400 MHz  rssi=-94.0 dBm
  39.2 [DETECT] 902.600 MHz  rssi=-88.5 dBm
  39.3 [DETECT] 902.800 MHz  rssi=-89.0 dBm
  39.3 [DETECT] 903.000 MHz  rssi=-86.5 dBm
  39.3 [DETECT] 903.200 MHz  rssi=-87.5 dBm
  39.3 [DETECT] 903.400 MHz  rssi=-85.0 dBm
  39.3 [DETECT] 903.600 MHz  rssi=-87.0 dBm
  39.3 [DETECT] 903.800 MHz  rssi=-89.5 dBm
  39.8 [DETECT] 904.000 MHz  rssi=-88.5 dBm
  39.8 [DETECT] 904.200 MHz  rssi=-86.5 dBm
  39.8 [DETECT] 904.400 MHz  rssi=-94.5 dBm
  39.8 [DETECT] 904.600 MHz  rssi=-88.0 dBm
  39.8 [DETECT] 904.800 MHz  rssi=-94.0 dBm
  40.9 [DETECT] 911.201 MHz  rssi=-94.5 dBm
  40.9 [DETECT] 911.401 MHz  rssi=-76.5 dBm
  40.9 [DETECT] 911.601 MHz  rssi=-93.5 dBm
  42.9 [DETECT] 926.401 MHz  rssi=-89.0 dBm
  42.9 [DETECT] 926.602 MHz  rssi=-94.0 dBm
  43.1 [DETECT] 927.802 MHz  rssi=-92.5 dBm
  43.1 [sweep] pass 11 strongest=-76.5dBm @ 911.401MHz  detections=216
  43.1 [DETECT] 902.000 MHz  rssi=-91.0 dBm
  43.1 [DETECT] 902.200 MHz  rssi=-94.5 dBm
  43.1 [DETECT] 902.400 MHz  rssi=-93.0 dBm
  43.1 [DETECT] 902.600 MHz  rssi=-94.0 dBm
  43.3 [DETECT] 903.000 MHz  rssi=-92.0 dBm
  43.3 [DETECT] 903.200 MHz  rssi=-90.0 dBm
  43.3 [DETECT] 903.400 MHz  rssi=-87.5 dBm
  43.3 [DETECT] 903.600 MHz  rssi=-87.5 dBm
  43.3 [DETECT] 903.800 MHz  rssi=-77.0 dBm
  43.3 [DETECT] 904.000 MHz  rssi=-89.0 dBm
  43.8 [DETECT] 904.200 MHz  rssi=-88.5 dBm
  43.8 [DETECT] 904.400 MHz  rssi=-93.0 dBm
  43.8 [DETECT] 904.600 MHz  rssi=-91.0 dBm
  43.8 [DETECT] 904.800 MHz  rssi=-94.0 dBm
  44.8 [DETECT] 911.201 MHz  rssi=-94.5 dBm
  44.8 [DETECT] 911.401 MHz  rssi=-90.5 dBm
  44.8 [DETECT] 912.001 MHz  rssi=-94.5 dBm
  45.8 [DETECT] 919.001 MHz  rssi=-91.0 dBm
  46.3 [DETECT] 922.001 MHz  rssi=-66.0 dBm
  46.3 [DETECT] 922.201 MHz  rssi=-70.0 dBm
  46.8 [DETECT] 927.002 MHz  rssi=-89.0 dBm
  46.8 [DETECT] 927.202 MHz  rssi=-94.5 dBm
  47.0 [DETECT] 927.802 MHz  rssi=-93.0 dBm
  47.0 [sweep] pass 12 strongest=-66.0dBm @ 922.001MHz  detections=239
  47.0 [DETECT] 902.000 MHz  rssi=-92.5 dBm
  47.0 [DETECT] 902.200 MHz  rssi=-92.5 dBm
  47.0 [DETECT] 902.400 MHz  rssi=-91.0 dBm
  47.0 [DETECT] 902.600 MHz  rssi=-93.0 dBm
  47.1 [DETECT] 902.800 MHz  rssi=-92.5 dBm
  47.1 [DETECT] 903.000 MHz  rssi=-88.5 dBm
  47.1 [DETECT] 903.200 MHz  rssi=-90.5 dBm
  47.1 [DETECT] 903.400 MHz  rssi=-86.5 dBm
  47.1 [DETECT] 903.600 MHz  rssi=-84.5 dBm
  47.1 [DETECT] 903.800 MHz  rssi=-88.0 dBm
  47.6 [DETECT] 904.000 MHz  rssi=-90.5 dBm
  47.6 [DETECT] 904.200 MHz  rssi=-91.0 dBm
  47.6 [DETECT] 904.400 MHz  rssi=-92.5 dBm
  47.6 [DETECT] 904.600 MHz  rssi=-94.0 dBm
  47.6 [DETECT] 904.800 MHz  rssi=-94.0 dBm
  48.7 [DETECT] 911.201 MHz  rssi=-94.5 dBm
  48.7 [DETECT] 911.401 MHz  rssi=-92.0 dBm
  48.7 [DETECT] 911.601 MHz  rssi=-92.5 dBm
  49.2 [DETECT] 914.401 MHz  rssi=-63.5 dBm
  50.9 [DETECT] 927.802 MHz  rssi=-92.5 dBm
  50.9 [sweep] pass 13 strongest=-63.5dBm @ 914.401MHz  detections=259
  50.9 [DETECT] 902.000 MHz  rssi=-92.0 dBm
  50.9 [DETECT] 902.200 MHz  rssi=-93.5 dBm
  50.9 [DETECT] 902.400 MHz  rssi=-94.5 dBm
  50.9 [DETECT] 902.600 MHz  rssi=-93.5 dBm
  51.0 [DETECT] 902.800 MHz  rssi=-90.5 dBm
  51.0 [DETECT] 903.000 MHz  rssi=-90.5 dBm
  51.0 [DETECT] 903.200 MHz  rssi=-92.5 dBm
  51.0 [DETECT] 903.400 MHz  rssi=-88.5 dBm
  51.0 [DETECT] 903.600 MHz  rssi=-87.0 dBm
  51.0 [DETECT] 903.800 MHz  rssi=-83.0 dBm
  51.5 [DETECT] 904.000 MHz  rssi=-87.0 dBm
  51.5 [DETECT] 904.200 MHz  rssi=-90.0 dBm
  51.5 [DETECT] 904.400 MHz  rssi=-92.5 dBm
  51.5 [DETECT] 904.600 MHz  rssi=-94.0 dBm
  51.5 [DETECT] 904.800 MHz  rssi=-93.0 dBm
  51.5 [DETECT] 906.800 MHz  rssi=-73.5 dBm
  52.6 [DETECT] 911.801 MHz  rssi=-94.5 dBm
  52.6 [DETECT] 912.001 MHz  rssi=-94.5 dBm
  52.6 [DETECT] 912.201 MHz  rssi=-94.5 dBm
  54.6 [DETECT] 925.001 MHz  rssi=-79.0 dBm
  54.6 [DETECT] 925.201 MHz  rssi=-83.5 dBm
  54.8 [DETECT] 927.802 MHz  rssi=-93.0 dBm
  54.8 [sweep] pass 14 strongest=-73.5dBm @ 906.800MHz  detections=281
  54.8 [DETECT] 902.000 MHz  rssi=-87.0 dBm
  54.8 [DETECT] 902.200 MHz  rssi=-88.0 dBm
  54.8 [DETECT] 902.400 MHz  rssi=-91.0 dBm
  54.8 [DETECT] 902.600 MHz  rssi=-93.5 dBm
  54.9 [DETECT] 902.800 MHz  rssi=-94.0 dBm
  54.9 [DETECT] 903.000 MHz  rssi=-91.0 dBm
  54.9 [DETECT] 903.200 MHz  rssi=-88.0 dBm
  54.9 [DETECT] 903.400 MHz  rssi=-87.0 dBm
  54.9 [DETECT] 903.600 MHz  rssi=-88.0 dBm
  54.9 [DETECT] 903.800 MHz  rssi=-91.5 dBm
  55.5 [DETECT] 904.000 MHz  rssi=-89.5 dBm
  55.5 [DETECT] 904.200 MHz  rssi=-92.5 dBm
  55.5 [DETECT] 904.400 MHz  rssi=-93.0 dBm
  55.5 [DETECT] 904.600 MHz  rssi=-94.0 dBm
  56.5 [DETECT] 912.001 MHz  rssi=-94.0 dBm
  57.0 [DETECT] 916.201 MHz  rssi=-94.0 dBm
  57.0 [DETECT] 916.401 MHz  rssi=-94.0 dBm
  57.5 [DETECT] 917.401 MHz  rssi=-56.5 dBm
  58.7 [DETECT] 927.802 MHz  rssi=-92.5 dBm
  58.7 [sweep] pass 15 strongest=-56.5dBm @ 917.401MHz  detections=300
  58.7 [DETECT] 902.000 MHz  rssi=-94.0 dBm
  58.7 [DETECT] 902.200 MHz  rssi=-94.5 dBm
  58.7 [DETECT] 902.600 MHz  rssi=-94.0 dBm
  58.7 [DETECT] 902.800 MHz  rssi=-92.5 dBm
  58.9 [DETECT] 903.000 MHz  rssi=-90.0 dBm
  58.9 [DETECT] 903.200 MHz  rssi=-92.5 dBm
  58.9 [DETECT] 903.400 MHz  rssi=-89.5 dBm
  58.9 [DETECT] 903.600 MHz  rssi=-82.0 dBm
  58.9 [DETECT] 903.800 MHz  rssi=-83.5 dBm
  58.9 [DETECT] 904.000 MHz  rssi=-82.0 dBm
  59.4 [DETECT] 904.200 MHz  rssi=-88.0 dBm
  59.4 [DETECT] 904.400 MHz  rssi=-87.5 dBm
  59.4 [DETECT] 904.600 MHz  rssi=-94.0 dBm
  59.9 [DETECT] 909.800 MHz  rssi=-76.0 dBm
  60.4 [DETECT] 912.001 MHz  rssi=-94.0 dBm
  60.4 [DETECT] 912.201 MHz  rssi=-92.5 dBm
  61.4 [DETECT] 920.801 MHz  rssi=-94.5 dBm
  62.4 [DETECT] 925.401 MHz  rssi=-70.5 dBm
  62.6 [DETECT] 927.802 MHz  rssi=-92.5 dBm
  62.6 [sweep] pass 16 strongest=-70.5dBm @ 925.401MHz  detections=319
  62.6 [DETECT] 902.000 MHz  rssi=-75.0 dBm
  62.6 [DETECT] 902.200 MHz  rssi=-82.0 dBm
  62.6 [DETECT] 902.600 MHz  rssi=-94.5 dBm
  62.6 [DETECT] 902.800 MHz  rssi=-93.0 dBm
  62.8 [DETECT] 903.000 MHz  rssi=-92.0 dBm
  62.8 [DETECT] 903.200 MHz  rssi=-92.5 dBm
  62.8 [DETECT] 903.400 MHz  rssi=-89.5 dBm
  62.8 [DETECT] 903.600 MHz  rssi=-86.5 dBm
  62.8 [DETECT] 903.800 MHz  rssi=-85.5 dBm
  62.8 [DETECT] 904.000 MHz  rssi=-88.5 dBm
  63.3 [DETECT] 904.200 MHz  rssi=-86.5 dBm
  63.3 [DETECT] 904.400 MHz  rssi=-87.5 dBm
  63.3 [DETECT] 904.600 MHz  rssi=-92.5 dBm
  63.8 [DETECT] 910.601 MHz  rssi=-94.0 dBm
  64.3 [DETECT] 911.201 MHz  rssi=-94.0 dBm
  64.3 [DETECT] 911.401 MHz  rssi=-94.0 dBm
  64.3 [DETECT] 912.001 MHz  rssi=-93.5 dBm
  65.3 [DETECT] 920.401 MHz  rssi=-75.0 dBm
  66.5 [DETECT] 927.802 MHz  rssi=-93.0 dBm
  66.5 [sweep] pass 17 strongest=-75.0dBm @ 902.000MHz  detections=338
  66.5 [DETECT] 902.000 MHz  rssi=-93.0 dBm
  66.5 [DETECT] 902.200 MHz  rssi=-92.5 dBm
  66.5 [DETECT] 902.400 MHz  rssi=-93.5 dBm
  66.5 [DETECT] 902.600 MHz  rssi=-94.0 dBm
  66.7 [DETECT] 902.800 MHz  rssi=-93.5 dBm
  66.7 [DETECT] 903.000 MHz  rssi=-91.0 dBm
  66.7 [DETECT] 903.200 MHz  rssi=-88.0 dBm
  66.7 [DETECT] 903.400 MHz  rssi=-89.0 dBm
  66.7 [DETECT] 903.600 MHz  rssi=-88.0 dBm
  66.7 [DETECT] 903.800 MHz  rssi=-88.5 dBm
  67.2 [DETECT] 904.000 MHz  rssi=-91.5 dBm
  67.2 [DETECT] 904.200 MHz  rssi=-90.5 dBm
  67.2 [DETECT] 904.400 MHz  rssi=-92.5 dBm
  67.2 [DETECT] 904.600 MHz  rssi=-94.0 dBm
  68.2 [DETECT] 911.401 MHz  rssi=-93.5 dBm
  68.2 [DETECT] 911.801 MHz  rssi=-94.5 dBm
  68.2 [DETECT] 912.001 MHz  rssi=-93.5 dBm
  68.2 [DETECT] 912.801 MHz  rssi=-65.5 dBm
  69.2 [DETECT] 917.801 MHz  rssi=-65.0 dBm
  70.2 [DETECT] 925.801 MHz  rssi=-94.5 dBm
  70.4 [DETECT] 927.802 MHz  rssi=-93.0 dBm
  70.4 [sweep] pass 18 strongest=-65.0dBm @ 917.801MHz  detections=359
  70.4 [DETECT] 902.000 MHz  rssi=-88.0 dBm
  70.4 [DETECT] 902.200 MHz  rssi=-91.0 dBm
  70.4 [DETECT] 902.400 MHz  rssi=-92.5 dBm
  70.4 [DETECT] 902.600 MHz  rssi=-91.0 dBm
  70.6 [DETECT] 902.800 MHz  rssi=-93.5 dBm
  70.6 [DETECT] 903.000 MHz  rssi=-93.0 dBm
  70.6 [DETECT] 903.200 MHz  rssi=-88.5 dBm
  70.6 [DETECT] 903.400 MHz  rssi=-91.0 dBm
  70.6 [DETECT] 903.600 MHz  rssi=-88.5 dBm
  70.6 [DETECT] 903.800 MHz  rssi=-88.5 dBm
  71.1 [DETECT] 904.000 MHz  rssi=-89.0 dBm
  71.1 [DETECT] 904.200 MHz  rssi=-90.5 dBm
  71.1 [DETECT] 904.400 MHz  rssi=-88.0 dBm
  71.1 [DETECT] 904.600 MHz  rssi=-94.0 dBm
  71.1 [DETECT] 905.000 MHz  rssi=-80.5 dBm
  71.1 [DETECT] 905.200 MHz  rssi=-83.5 dBm
  72.1 [DETECT] 911.201 MHz  rssi=-94.0 dBm
  72.1 [DETECT] 911.401 MHz  rssi=-94.5 dBm
  72.1 [DETECT] 911.801 MHz  rssi=-94.5 dBm
  72.1 [DETECT] 912.001 MHz  rssi=-94.0 dBm
  72.6 [DETECT] 915.601 MHz  rssi=-89.0 dBm
  72.6 [DETECT] 915.801 MHz  rssi=-91.5 dBm
  73.6 [DETECT] 923.401 MHz  rssi=-67.5 dBm
  74.3 [DETECT] 927.802 MHz  rssi=-92.5 dBm
  74.3 [sweep] pass 19 strongest=-67.5dBm @ 923.401MHz  detections=383
  74.3 [DETECT] 902.000 MHz  rssi=-94.0 dBm
  74.3 [DETECT] 902.200 MHz  rssi=-92.0 dBm
  74.3 [DETECT] 902.400 MHz  rssi=-94.0 dBm
  74.3 [DETECT] 902.800 MHz  rssi=-91.0 dBm
  74.5 [DETECT] 903.000 MHz  rssi=-89.5 dBm
  74.5 [DETECT] 903.200 MHz  rssi=-92.5 dBm
  74.5 [DETECT] 903.400 MHz  rssi=-86.0 dBm
  74.5 [DETECT] 903.600 MHz  rssi=-83.5 dBm
  74.5 [DETECT] 903.800 MHz  rssi=-86.5 dBm
  74.5 [DETECT] 904.000 MHz  rssi=-88.0 dBm
  75.0 [DETECT] 904.200 MHz  rssi=-86.5 dBm
  75.0 [DETECT] 904.400 MHz  rssi=-92.5 dBm
  76.0 [DETECT] 912.001 MHz  rssi=-94.0 dBm
  76.0 [DETECT] 912.201 MHz  rssi=-93.0 dBm
  76.5 [DETECT] 915.801 MHz  rssi=-70.5 dBm
  76.5 [DETECT] 916.201 MHz  rssi=-88.5 dBm
  76.5 [DETECT] 916.401 MHz  rssi=-88.0 dBm
  78.2 [DETECT] 927.802 MHz  rssi=-93.0 dBm
  78.2 [sweep] pass 20 strongest=-70.5dBm @ 915.801MHz  detections=401
  78.2 [DETECT] 902.000 MHz  rssi=-88.0 dBm
  78.2 [DETECT] 902.200 MHz  rssi=-90.5 dBm
  78.2 [DETECT] 902.400 MHz  rssi=-92.0 dBm
  78.2 [DETECT] 902.600 MHz  rssi=-94.0 dBm
  78.4 [DETECT] 902.800 MHz  rssi=-94.5 dBm
  78.4 [DETECT] 903.000 MHz  rssi=-88.5 dBm
  78.4 [DETECT] 903.200 MHz  rssi=-88.5 dBm
  78.4 [DETECT] 903.400 MHz  rssi=-85.0 dBm
  78.4 [DETECT] 903.600 MHz  rssi=-89.5 dBm
  78.4 [DETECT] 903.800 MHz  rssi=-87.5 dBm
  78.9 [DETECT] 904.000 MHz  rssi=-87.0 dBm
  78.9 [DETECT] 904.200 MHz  rssi=-89.0 dBm
  78.9 [DETECT] 904.400 MHz  rssi=-93.5 dBm
  78.9 [DETECT] 904.600 MHz  rssi=-93.0 dBm
  78.9 [DETECT] 904.800 MHz  rssi=-92.5 dBm
  79.4 [DETECT] 908.000 MHz  rssi=-64.5 dBm
  79.9 [DETECT] 911.001 MHz  rssi=-94.0 dBm
  79.9 [DETECT] 911.201 MHz  rssi=-93.5 dBm
  80.4 [DETECT] 915.401 MHz  rssi=-94.0 dBm
  80.4 [DETECT] 917.001 MHz  rssi=-88.0 dBm
  81.9 [DETECT] 926.401 MHz  rssi=-80.5 dBm
  82.1 [DETECT] 927.802 MHz  rssi=-93.0 dBm
  82.1 [sweep] pass 21 strongest=-64.5dBm @ 908.000MHz  detections=423
  82.1 [DETECT] 902.000 MHz  rssi=-92.5 dBm
  82.1 [DETECT] 902.200 MHz  rssi=-94.0 dBm
  82.1 [DETECT] 902.600 MHz  rssi=-94.5 dBm
  82.1 [DETECT] 902.800 MHz  rssi=-91.0 dBm
  82.3 [DETECT] 903.000 MHz  rssi=-92.5 dBm
  82.3 [DETECT] 903.200 MHz  rssi=-91.0 dBm
  82.3 [DETECT] 903.400 MHz  rssi=-84.5 dBm
  82.3 [DETECT] 903.600 MHz  rssi=-84.5 dBm
  82.3 [DETECT] 903.800 MHz  rssi=-85.5 dBm
  82.3 [DETECT] 904.000 MHz  rssi=-89.5 dBm
  82.8 [DETECT] 904.200 MHz  rssi=-92.0 dBm
  82.8 [DETECT] 904.400 MHz  rssi=-86.5 dBm
  82.8 [DETECT] 904.600 MHz  rssi=-90.5 dBm
  83.3 [DETECT] 909.800 MHz  rssi=-92.5 dBm
  83.3 [DETECT] 910.000 MHz  rssi=-92.0 dBm
  83.8 [DETECT] 911.201 MHz  rssi=-94.0 dBm
  83.8 [DETECT] 911.401 MHz  rssi=-93.5 dBm
  83.8 [DETECT] 912.001 MHz  rssi=-94.5 dBm
  83.8 [DETECT] 912.201 MHz  rssi=-93.5 dBm
  84.8 [DETECT] 918.801 MHz  rssi=-50.5 dBm
  84.8 [DETECT] 919.001 MHz  rssi=-94.0 dBm
  84.8 [DETECT] 919.201 MHz  rssi=-94.0 dBm
  85.8 [DETECT] 926.201 MHz  rssi=-94.5 dBm
  86.0 [DETECT] 927.802 MHz  rssi=-92.5 dBm
  86.0 [sweep] pass 22 strongest=-50.5dBm @ 918.801MHz  detections=447
  86.0 [DETECT] 902.000 MHz  rssi=-92.0 dBm
  86.0 [DETECT] 902.200 MHz  rssi=-91.0 dBm
  86.0 [DETECT] 902.400 MHz  rssi=-92.5 dBm
  86.0 [DETECT] 902.600 MHz  rssi=-93.5 dBm
  86.2 [DETECT] 902.800 MHz  rssi=-92.5 dBm
  86.2 [DETECT] 903.000 MHz  rssi=-94.0 dBm
  86.2 [DETECT] 903.200 MHz  rssi=-87.5 dBm
  86.2 [DETECT] 903.400 MHz  rssi=-87.5 dBm
  86.2 [DETECT] 903.600 MHz  rssi=-88.0 dBm
  86.2 [DETECT] 903.800 MHz  rssi=-85.5 dBm
  86.7 [DETECT] 904.000 MHz  rssi=-89.5 dBm
  86.7 [DETECT] 904.200 MHz  rssi=-90.5 dBm
  86.7 [DETECT] 904.400 MHz  rssi=-89.5 dBm
  86.7 [DETECT] 904.600 MHz  rssi=-94.0 dBm
  87.7 [DETECT] 911.001 MHz  rssi=-76.0 dBm
  87.7 [DETECT] 911.801 MHz  rssi=-94.0 dBm
  87.7 [DETECT] 912.201 MHz  rssi=-94.5 dBm
  87.7 [DETECT] 912.601 MHz  rssi=-94.5 dBm
  88.2 [DETECT] 914.801 MHz  rssi=-85.5 dBm
  89.7 [DETECT] 926.201 MHz  rssi=-91.5 dBm
  89.7 [DETECT] 926.401 MHz  rssi=-91.5 dBm
  89.9 [DETECT] 927.802 MHz  rssi=-92.5 dBm
  89.9 [sweep] pass 23 strongest=-76.0dBm @ 911.001MHz  detections=469
  89.9 [DETECT] 902.000 MHz  rssi=-94.0 dBm
  89.9 [DETECT] 902.200 MHz  rssi=-93.0 dBm
  89.9 [DETECT] 902.400 MHz  rssi=-94.0 dBm
  89.9 [DETECT] 902.600 MHz  rssi=-92.0 dBm
  90.1 [DETECT] 902.800 MHz  rssi=-92.5 dBm
  90.1 [DETECT] 903.000 MHz  rssi=-91.0 dBm
  90.1 [DETECT] 903.200 MHz  rssi=-89.5 dBm
  90.1 [DETECT] 903.400 MHz  rssi=-64.0 dBm
  90.1 [DETECT] 903.600 MHz  rssi=-90.0 dBm
  90.1 [DETECT] 903.800 MHz  rssi=-89.5 dBm
  90.6 [DETECT] 904.000 MHz  rssi=-88.5 dBm
  90.6 [DETECT] 904.200 MHz  rssi=-87.0 dBm
  90.6 [DETECT] 904.400 MHz  rssi=-94.0 dBm
  90.6 [DETECT] 904.600 MHz  rssi=-91.0 dBm
  91.6 [DETECT] 911.801 MHz  rssi=-94.5 dBm
  93.1 [DETECT] 921.601 MHz  rssi=-68.5 dBm
  93.1 [DETECT] 921.801 MHz  rssi=-73.0 dBm
  93.8 [DETECT] 927.802 MHz  rssi=-92.5 dBm
  93.8 [sweep] pass 24 strongest=-64.0dBm @ 903.400MHz  detections=487
  93.8 [DETECT] 902.000 MHz  rssi=-93.5 dBm
  93.8 [DETECT] 902.400 MHz  rssi=-92.5 dBm
  93.8 [DETECT] 902.600 MHz  rssi=-94.5 dBm
  93.8 [DETECT] 902.800 MHz  rssi=-90.0 dBm
  94.0 [DETECT] 903.000 MHz  rssi=-92.5 dBm
  94.0 [DETECT] 903.200 MHz  rssi=-91.5 dBm
  94.0 [DETECT] 903.400 MHz  rssi=-87.5 dBm
  94.0 [DETECT] 903.600 MHz  rssi=-88.5 dBm
  94.0 [DETECT] 903.800 MHz  rssi=-83.5 dBm
  94.0 [DETECT] 904.000 MHz  rssi=-92.5 dBm
  94.5 [DETECT] 904.200 MHz  rssi=-93.0 dBm
  94.5 [DETECT] 904.400 MHz  rssi=-93.0 dBm
  94.5 [DETECT] 904.600 MHz  rssi=-94.5 dBm
  95.5 [DETECT] 911.401 MHz  rssi=-94.5 dBm
  95.5 [DETECT] 911.601 MHz  rssi=-94.0 dBm
  95.5 [DETECT] 912.001 MHz  rssi=-94.0 dBm
  95.5 [DETECT] 914.001 MHz  rssi=-64.5 dBm
  97.7 [DETECT] 927.802 MHz  rssi=-92.5 dBm
  97.7 [sweep] pass 25 strongest=-64.5dBm @ 914.001MHz  detections=505
  97.7 [DETECT] 902.000 MHz  rssi=-92.5 dBm
  97.7 [DETECT] 902.200 MHz  rssi=-90.0 dBm
  97.7 [DETECT] 902.400 MHz  rssi=-89.0 dBm
  97.7 [DETECT] 902.600 MHz  rssi=-90.5 dBm
  97.9 [DETECT] 902.800 MHz  rssi=-94.0 dBm
  97.9 [DETECT] 903.000 MHz  rssi=-88.0 dBm
  97.9 [DETECT] 903.200 MHz  rssi=-88.5 dBm
  97.9 [DETECT] 903.400 MHz  rssi=-88.0 dBm
  97.9 [DETECT] 903.600 MHz  rssi=-86.5 dBm
  97.9 [DETECT] 903.800 MHz  rssi=-90.0 dBm
  98.4 [DETECT] 904.000 MHz  rssi=-92.0 dBm
  98.4 [DETECT] 904.200 MHz  rssi=-91.0 dBm
  98.4 [DETECT] 904.400 MHz  rssi=-92.0 dBm
  98.4 [DETECT] 906.400 MHz  rssi=-64.5 dBm
  99.4 [DETECT] 911.801 MHz  rssi=-94.0 dBm
 100.9 [DETECT] 921.601 MHz  rssi=-92.0 dBm
 101.4 [DETECT] 924.601 MHz  rssi=-67.0 dBm
 101.4 [DETECT] 924.801 MHz  rssi=-68.5 dBm
 101.6 [DETECT] 927.802 MHz  rssi=-92.5 dBm
 101.6 [sweep] pass 26 strongest=-64.5dBm @ 906.400MHz  detections=524
 101.6 [DETECT] 902.000 MHz  rssi=-92.0 dBm
 101.6 [DETECT] 902.200 MHz  rssi=-88.5 dBm
 101.6 [DETECT] 902.400 MHz  rssi=-94.5 dBm
 101.6 [DETECT] 902.600 MHz  rssi=-94.0 dBm
 101.8 [DETECT] 902.800 MHz  rssi=-92.0 dBm
 101.8 [DETECT] 903.000 MHz  rssi=-92.0 dBm
 101.8 [DETECT] 903.200 MHz  rssi=-88.0 dBm
 101.8 [DETECT] 903.400 MHz  rssi=-89.0 dBm
 101.8 [DETECT] 903.600 MHz  rssi=-84.0 dBm
 101.8 [DETECT] 903.800 MHz  rssi=-88.0 dBm
 102.3 [DETECT] 904.000 MHz  rssi=-86.5 dBm
 102.3 [DETECT] 904.200 MHz  rssi=-91.0 dBm
 102.3 [DETECT] 904.400 MHz  rssi=-91.5 dBm
 102.3 [DETECT] 904.600 MHz  rssi=-92.5 dBm
 102.3 [DETECT] 904.800 MHz  rssi=-92.5 dBm
 103.3 [DETECT] 911.201 MHz  rssi=-94.5 dBm
 103.3 [DETECT] 911.401 MHz  rssi=-92.5 dBm
 103.3 [DETECT] 911.801 MHz  rssi=-94.5 dBm
 103.3 [DETECT] 912.001 MHz  rssi=-92.5 dBm
 103.3 [DETECT] 912.201 MHz  rssi=-94.0 dBm
 103.8 [DETECT] 917.001 MHz  rssi=-64.0 dBm
 105.5 [DETECT] 927.802 MHz  rssi=-92.5 dBm
 105.5 [sweep] pass 27 strongest=-64.0dBm @ 917.001MHz  detections=546
 105.5 [DETECT] 902.000 MHz  rssi=-92.5 dBm
 105.5 [DETECT] 902.200 MHz  rssi=-94.0 dBm
 105.5 [DETECT] 902.400 MHz  rssi=-94.0 dBm
 105.5 [DETECT] 902.600 MHz  rssi=-93.5 dBm
 105.7 [DETECT] 902.800 MHz  rssi=-92.5 dBm
 105.7 [DETECT] 903.000 MHz  rssi=-89.5 dBm
 105.7 [DETECT] 903.200 MHz  rssi=-89.5 dBm
 105.7 [DETECT] 903.400 MHz  rssi=-88.5 dBm
 105.7 [DETECT] 903.600 MHz  rssi=-88.0 dBm
 105.7 [DETECT] 903.800 MHz  rssi=-91.0 dBm
 106.2 [DETECT] 904.000 MHz  rssi=-87.5 dBm
 106.2 [DETECT] 904.200 MHz  rssi=-89.5 dBm
 106.2 [DETECT] 904.400 MHz  rssi=-91.5 dBm
 106.2 [DETECT] 904.600 MHz  rssi=-94.5 dBm
 106.7 [DETECT] 909.400 MHz  rssi=-71.0 dBm
 107.7 [DETECT] 915.401 MHz  rssi=-94.0 dBm
 108.2 [DETECT] 917.401 MHz  rssi=-91.0 dBm
 109.3 [DETECT] 927.602 MHz  rssi=-76.0 dBm
 109.3 [DETECT] 927.802 MHz  rssi=-73.5 dBm
 109.3 [sweep] pass 28 strongest=-71.0dBm @ 909.400MHz  detections=565
 109.3 [DETECT] 902.000 MHz  rssi=-93.0 dBm
 109.3 [DETECT] 902.200 MHz  rssi=-93.0 dBm
 109.3 [DETECT] 902.400 MHz  rssi=-90.5 dBm
 109.5 [DETECT] 902.600 MHz  rssi=-92.5 dBm
 109.5 [DETECT] 902.800 MHz  rssi=-91.5 dBm
 109.5 [DETECT] 903.000 MHz  rssi=-88.0 dBm
 109.5 [DETECT] 903.200 MHz  rssi=-88.5 dBm
 109.5 [DETECT] 903.400 MHz  rssi=-89.0 dBm
 109.5 [DETECT] 903.600 MHz  rssi=-88.5 dBm
 110.0 [DETECT] 903.800 MHz  rssi=-88.0 dBm
 110.0 [DETECT] 904.000 MHz  rssi=-89.5 dBm
 110.0 [DETECT] 904.200 MHz  rssi=-91.0 dBm
 110.0 [DETECT] 904.400 MHz  rssi=-93.5 dBm
 111.0 [DETECT] 911.001 MHz  rssi=-94.0 dBm
 111.0 [DETECT] 911.201 MHz  rssi=-92.5 dBm
 111.0 [DETECT] 911.401 MHz  rssi=-93.5 dBm
 111.0 [DETECT] 911.601 MHz  rssi=-89.5 dBm
 111.0 [DETECT] 912.001 MHz  rssi=-94.5 dBm
 111.0 [DETECT] 912.201 MHz  rssi=-93.0 dBm
 112.0 [DETECT] 920.001 MHz  rssi=-55.0 dBm
 113.3 [DETECT] 927.802 MHz  rssi=-92.5 dBm
 113.3 [sweep] pass 29 strongest=-55.0dBm @ 920.001MHz  detections=586
 113.3 [DETECT] 902.000 MHz  rssi=-89.5 dBm
 113.3 [DETECT] 902.400 MHz  rssi=-92.5 dBm
 113.3 [DETECT] 902.600 MHz  rssi=-87.0 dBm
 113.3 [DETECT] 902.800 MHz  rssi=-93.5 dBm
 113.5 [DETECT] 903.000 MHz  rssi=-92.5 dBm
 113.5 [DETECT] 903.200 MHz  rssi=-88.5 dBm
 113.5 [DETECT] 903.400 MHz  rssi=-87.5 dBm
 113.5 [DETECT] 903.600 MHz  rssi=-88.0 dBm
 113.5 [DETECT] 903.800 MHz  rssi=-88.0 dBm
 113.5 [DETECT] 904.000 MHz  rssi=-89.5 dBm
 114.0 [DETECT] 904.200 MHz  rssi=-89.5 dBm
 114.0 [DETECT] 904.400 MHz  rssi=-91.0 dBm
 115.0 [DETECT] 911.401 MHz  rssi=-94.0 dBm
 115.0 [DETECT] 911.601 MHz  rssi=-94.5 dBm
 115.0 [DETECT] 911.801 MHz  rssi=-93.0 dBm
 115.0 [DETECT] 912.001 MHz  rssi=-94.0 dBm
 115.0 [DETECT] 912.401 MHz  rssi=-63.0 dBm
 115.0 [DETECT] 912.601 MHz  rssi=-94.0 dBm
 115.5 [DETECT] 917.001 MHz  rssi=-94.0 dBm
 117.0 [DETECT] 924.601 MHz  rssi=-94.5 dBm
 117.2 [DETECT] 927.802 MHz  rssi=-93.0 dBm
 117.2 [sweep] pass 30 strongest=-63.0dBm @ 912.401MHz  detections=607
 117.2 [DETECT] 902.000 MHz  rssi=-94.0 dBm
 117.2 [DETECT] 902.200 MHz  rssi=-93.5 dBm
 117.2 [DETECT] 902.600 MHz  rssi=-94.0 dBm
 117.2 [DETECT] 902.800 MHz  rssi=-89.5 dBm
 117.4 [DETECT] 903.000 MHz  rssi=-91.0 dBm
 117.4 [DETECT] 903.200 MHz  rssi=-89.0 dBm
 117.4 [DETECT] 903.400 MHz  rssi=-86.5 dBm
 117.4 [DETECT] 903.600 MHz  rssi=-86.5 dBm
 117.4 [DETECT] 903.800 MHz  rssi=-91.0 dBm
 117.4 [DETECT] 904.000 MHz  rssi=-87.0 dBm
 117.9 [DETECT] 904.200 MHz  rssi=-89.0 dBm
 117.9 [DETECT] 904.400 MHz  rssi=-90.0 dBm
 117.9 [DETECT] 904.600 MHz  rssi=-58.5 dBm
 117.9 [DETECT] 904.800 MHz  rssi=-60.5 dBm
 117.9 [DETECT] 905.000 MHz  rssi=-92.0 dBm
 118.9 [DETECT] 911.201 MHz  rssi=-94.0 dBm
 118.9 [DETECT] 911.601 MHz  rssi=-94.5 dBm
 118.9 [DETECT] 912.001 MHz  rssi=-94.5 dBm
 119.9 [DETECT] 920.001 MHz  rssi=-93.5 dBm
 120.4 [DETECT] 923.001 MHz  rssi=-66.5 dBm
 121.1 [DETECT] 927.802 MHz  rssi=-92.5 dBm
 121.1 [sweep] pass 31 strongest=-58.5dBm @ 904.600MHz  detections=628
 121.1 [DETECT] 902.000 MHz  rssi=-92.0 dBm
 121.1 [DETECT] 902.400 MHz  rssi=-94.0 dBm
 121.1 [DETECT] 902.600 MHz  rssi=-86.0 dBm
 121.1 [DETECT] 902.800 MHz  rssi=-86.5 dBm
 121.3 [DETECT] 903.000 MHz  rssi=-89.0 dBm
 121.3 [DETECT] 903.200 MHz  rssi=-88.0 dBm
 121.3 [DETECT] 903.400 MHz  rssi=-91.0 dBm
 121.3 [DETECT] 903.600 MHz  rssi=-86.5 dBm
 121.3 [DETECT] 903.800 MHz  rssi=-87.0 dBm
 121.3 [DETECT] 904.000 MHz  rssi=-86.5 dBm
 121.8 [DETECT] 904.200 MHz  rssi=-90.5 dBm
 121.8 [DETECT] 904.400 MHz  rssi=-92.0 dBm
 122.8 [DETECT] 911.201 MHz  rssi=-94.0 dBm
 122.8 [DETECT] 911.601 MHz  rssi=-94.5 dBm
 123.3 [DETECT] 915.401 MHz  rssi=-65.5 dBm
 125.0 [DETECT] 927.802 MHz  rssi=-92.5 dBm
 125.0 [sweep] pass 32 strongest=-65.5dBm @ 915.401MHz  detections=644
 125.0 [DETECT] 902.000 MHz  rssi=-91.5 dBm
 125.0 [DETECT] 902.200 MHz  rssi=-93.5 dBm
 125.0 [DETECT] 902.400 MHz  rssi=-93.0 dBm
 125.0 [DETECT] 902.600 MHz  rssi=-94.0 dBm
 125.2 [DETECT] 902.800 MHz  rssi=-92.5 dBm
 125.2 [DETECT] 903.000 MHz  rssi=-91.0 dBm
 125.2 [DETECT] 903.200 MHz  rssi=-88.5 dBm
 125.2 [DETECT] 903.400 MHz  rssi=-88.0 dBm
 125.2 [DETECT] 903.600 MHz  rssi=-83.5 dBm
 125.2 [DETECT] 903.800 MHz  rssi=-89.0 dBm
 125.7 [DETECT] 904.000 MHz  rssi=-90.5 dBm
 125.7 [DETECT] 904.200 MHz  rssi=-90.0 dBm
 125.7 [DETECT] 904.400 MHz  rssi=-91.5 dBm
 125.7 [DETECT] 904.600 MHz  rssi=-93.0 dBm
 126.2 [DETECT] 907.600 MHz  rssi=-71.5 dBm
 126.2 [DETECT] 907.800 MHz  rssi=-73.0 dBm
 126.7 [DETECT] 911.601 MHz  rssi=-94.0 dBm
 126.7 [DETECT] 911.801 MHz  rssi=-94.0 dBm
 126.7 [DETECT] 912.001 MHz  rssi=-88.5 dBm
 128.7 [DETECT] 926.001 MHz  rssi=-76.5 dBm
 128.9 [DETECT] 927.802 MHz  rssi=-92.5 dBm
 128.9 [sweep] pass 33 strongest=-71.5dBm @ 907.600MHz  detections=665
 128.9 [DETECT] 902.000 MHz  rssi=-91.0 dBm
 128.9 [DETECT] 902.200 MHz  rssi=-94.5 dBm
 128.9 [DETECT] 902.400 MHz  rssi=-92.5 dBm
 128.9 [DETECT] 902.600 MHz  rssi=-93.5 dBm
 129.1 [DETECT] 902.800 MHz  rssi=-87.0 dBm
 129.1 [DETECT] 903.000 MHz  rssi=-90.5 dBm
 129.1 [DETECT] 903.200 MHz  rssi=-88.0 dBm
 129.1 [DETECT] 903.400 MHz  rssi=-87.5 dBm
 129.1 [DETECT] 903.600 MHz  rssi=-89.0 dBm
 129.1 [DETECT] 903.800 MHz  rssi=-89.5 dBm
 129.6 [DETECT] 904.000 MHz  rssi=-89.0 dBm
 129.6 [DETECT] 904.200 MHz  rssi=-92.5 dBm
 129.6 [DETECT] 904.400 MHz  rssi=-90.5 dBm
 129.6 [DETECT] 904.600 MHz  rssi=-93.5 dBm
 129.6 [DETECT] 904.800 MHz  rssi=-90.5 dBm
 130.6 [DETECT] 911.201 MHz  rssi=-94.5 dBm
 130.6 [DETECT] 911.401 MHz  rssi=-94.0 dBm
 130.6 [DETECT] 911.601 MHz  rssi=-94.5 dBm
 130.6 [DETECT] 911.801 MHz  rssi=-94.0 dBm
 131.6 [DETECT] 918.401 MHz  rssi=-64.5 dBm
 132.8 [DETECT] 927.802 MHz  rssi=-92.5 dBm
 132.8 [sweep] pass 34 strongest=-64.5dBm @ 918.401MHz  detections=686
 132.8 [DETECT] 902.000 MHz  rssi=-94.0 dBm
 132.8 [DETECT] 902.200 MHz  rssi=-94.0 dBm
 132.8 [DETECT] 902.400 MHz  rssi=-94.5 dBm
 132.8 [DETECT] 902.600 MHz  rssi=-93.0 dBm
 133.0 [DETECT] 902.800 MHz  rssi=-91.5 dBm
 133.0 [DETECT] 903.000 MHz  rssi=-91.0 dBm
 133.0 [DETECT] 903.200 MHz  rssi=-88.0 dBm
 133.0 [DETECT] 903.400 MHz  rssi=-88.5 dBm
 133.0 [DETECT] 903.600 MHz  rssi=-90.5 dBm
 133.0 [DETECT] 903.800 MHz  rssi=-82.0 dBm
 133.5 [DETECT] 904.000 MHz  rssi=-88.5 dBm
 133.5 [DETECT] 904.200 MHz  rssi=-90.0 dBm
 133.5 [DETECT] 904.400 MHz  rssi=-92.0 dBm
 133.5 [DETECT] 904.600 MHz  rssi=-93.5 dBm
 133.5 [DETECT] 904.800 MHz  rssi=-94.5 dBm
 133.5 [DETECT] 905.000 MHz  rssi=-93.5 dBm
 133.5 [DETECT] 905.200 MHz  rssi=-94.5 dBm
 134.0 [DETECT] 910.601 MHz  rssi=-73.0 dBm
 134.2 [DETECT] 910.801 MHz  rssi=-68.5 dBm
 134.2 [DETECT] 911.001 MHz  rssi=-94.5 dBm
 134.2 [DETECT] 911.201 MHz  rssi=-94.0 dBm
 134.2 [DETECT] 911.601 MHz  rssi=-94.5 dBm
 134.2 [DETECT] 911.801 MHz  rssi=-94.5 dBm
 134.2 [DETECT] 912.001 MHz  rssi=-92.5 dBm
 134.7 [DETECT] 912.201 MHz  rssi=-92.5 dBm
 136.2 [DETECT] 923.601 MHz  rssi=-94.5 dBm
 136.7 [DETECT] 927.802 MHz  rssi=-92.5 dBm
 136.7 [sweep] pass 35 strongest=-68.5dBm @ 910.801MHz  detections=713
 136.7 [DETECT] 902.000 MHz  rssi=-90.5 dBm
 136.7 [DETECT] 902.200 MHz  rssi=-91.5 dBm
 136.7 [DETECT] 902.400 MHz  rssi=-93.5 dBm
 136.7 [DETECT] 902.800 MHz  rssi=-92.5 dBm
 136.9 [DETECT] 903.000 MHz  rssi=-54.5 dBm
 136.9 [DETECT] 903.200 MHz  rssi=-88.5 dBm
 136.9 [DETECT] 903.400 MHz  rssi=-88.0 dBm
 136.9 [DETECT] 903.600 MHz  rssi=-87.5 dBm
 136.9 [DETECT] 903.800 MHz  rssi=-87.0 dBm
 136.9 [DETECT] 904.000 MHz  rssi=-91.5 dBm
 137.4 [DETECT] 904.200 MHz  rssi=-88.5 dBm
 137.4 [DETECT] 904.400 MHz  rssi=-88.5 dBm
 138.4 [DETECT] 911.801 MHz  rssi=-94.5 dBm
 138.4 [DETECT] 912.001 MHz  rssi=-94.5 dBm
 139.4 [DETECT] 920.601 MHz  rssi=-94.0 dBm
 139.9 [DETECT] 921.401 MHz  rssi=-58.0 dBm
 140.6 [DETECT] 927.802 MHz  rssi=-92.5 dBm
 140.6 [sweep] pass 36 strongest=-54.5dBm @ 903.000MHz  detections=730
 140.6 [DETECT] 902.200 MHz  rssi=-91.5 dBm
 140.6 [DETECT] 902.400 MHz  rssi=-94.5 dBm
 140.6 [DETECT] 902.600 MHz  rssi=-94.0 dBm
 140.6 [DETECT] 902.800 MHz  rssi=-92.5 dBm
 140.8 [DETECT] 903.000 MHz  rssi=-89.5 dBm
 140.8 [DETECT] 903.200 MHz  rssi=-88.5 dBm
 140.8 [DETECT] 903.400 MHz  rssi=-88.5 dBm
 140.8 [DETECT] 903.600 MHz  rssi=-89.5 dBm
 140.8 [DETECT] 903.800 MHz  rssi=-86.5 dBm
 140.8 [DETECT] 904.000 MHz  rssi=-90.0 dBm
 141.3 [DETECT] 904.200 MHz  rssi=-90.0 dBm
 141.3 [DETECT] 904.400 MHz  rssi=-92.0 dBm
 141.3 [DETECT] 904.600 MHz  rssi=-93.0 dBm
 142.3 [DETECT] 911.401 MHz  rssi=-93.5 dBm
 142.3 [DETECT] 911.601 MHz  rssi=-91.0 dBm
 142.3 [DETECT] 911.801 MHz  rssi=-86.5 dBm
 142.3 [DETECT] 912.001 MHz  rssi=-91.5 dBm
 142.3 [DETECT] 913.601 MHz  rssi=-62.5 dBm
 142.3 [DETECT] 913.801 MHz  rssi=-68.5 dBm
 142.8 [DETECT] 914.201 MHz  rssi=-89.5 dBm
 142.8 [DETECT] 916.001 MHz  rssi=-69.0 dBm
 142.8 [DETECT] 916.201 MHz  rssi=-69.0 dBm
 144.3 [DETECT] 924.601 MHz  rssi=-76.5 dBm
 144.5 [DETECT] 927.802 MHz  rssi=-92.5 dBm
 144.5 [sweep] pass 37 strongest=-62.5dBm @ 913.601MHz  detections=754
 144.5 [DETECT] 902.000 MHz  rssi=-91.0 dBm
 144.5 [DETECT] 902.200 MHz  rssi=-93.0 dBm
 144.5 [DETECT] 902.400 MHz  rssi=-92.5 dBm
 144.5 [DETECT] 902.600 MHz  rssi=-94.0 dBm
 144.7 [DETECT] 902.800 MHz  rssi=-92.5 dBm
 144.7 [DETECT] 903.000 MHz  rssi=-91.5 dBm
 144.7 [DETECT] 903.200 MHz  rssi=-89.5 dBm
 144.7 [DETECT] 903.400 MHz  rssi=-86.0 dBm
 144.7 [DETECT] 903.600 MHz  rssi=-81.5 dBm
 144.7 [DETECT] 903.800 MHz  rssi=-88.5 dBm
 145.2 [DETECT] 904.000 MHz  rssi=-85.5 dBm
 145.2 [DETECT] 904.200 MHz  rssi=-91.5 dBm
 145.2 [DETECT] 904.400 MHz  rssi=-93.0 dBm
 145.2 [DETECT] 904.600 MHz  rssi=-93.0 dBm
 145.2 [DETECT] 904.800 MHz  rssi=-93.0 dBm
 145.2 [DETECT] 906.000 MHz  rssi=-61.0 dBm
 146.2 [DETECT] 911.401 MHz  rssi=-94.5 dBm
 146.2 [DETECT] 911.601 MHz  rssi=-89.5 dBm
 146.2 [DETECT] 911.801 MHz  rssi=-94.0 dBm
 146.2 [DETECT] 912.001 MHz  rssi=-92.5 dBm
 147.7 [DETECT] 922.801 MHz  rssi=-88.5 dBm
 148.2 [DETECT] 924.401 MHz  rssi=-68.5 dBm
 148.4 [DETECT] 927.802 MHz  rssi=-92.5 dBm
 148.4 [sweep] pass 38 strongest=-61.0dBm @ 906.000MHz  detections=777
 148.4 [DETECT] 902.000 MHz  rssi=-92.0 dBm
 148.4 [DETECT] 902.200 MHz  rssi=-93.5 dBm
 148.4 [DETECT] 902.400 MHz  rssi=-94.0 dBm
 148.4 [DETECT] 902.600 MHz  rssi=-92.0 dBm
 148.6 [DETECT] 902.800 MHz  rssi=-92.5 dBm
 148.6 [DETECT] 903.000 MHz  rssi=-93.5 dBm
 148.6 [DETECT] 903.200 MHz  rssi=-91.0 dBm
 148.6 [DETECT] 903.400 MHz  rssi=-88.0 dBm
 148.6 [DETECT] 903.600 MHz  rssi=-86.5 dBm
 148.6 [DETECT] 903.800 MHz  rssi=-88.5 dBm
 149.1 [DETECT] 904.000 MHz  rssi=-89.5 dBm
 149.1 [DETECT] 904.200 MHz  rssi=-90.5 dBm
 149.1 [DETECT] 904.400 MHz  rssi=-92.0 dBm
 149.1 [DETECT] 904.600 MHz  rssi=-93.0 dBm
 150.1 [DETECT] 911.001 MHz  rssi=-93.5 dBm
 150.1 [DETECT] 911.201 MHz  rssi=-94.0 dBm
 150.6 [DETECT] 916.601 MHz  rssi=-67.0 dBm
 152.3 [DETECT] 927.802 MHz  rssi=-92.5 dBm
 152.3 [sweep] pass 39 strongest=-67.0dBm @ 916.601MHz  detections=795
 152.3 [DETECT] 902.200 MHz  rssi=-94.5 dBm
 152.3 [DETECT] 902.400 MHz  rssi=-91.0 dBm
 152.3 [DETECT] 902.600 MHz  rssi=-93.0 dBm
 152.3 [DETECT] 902.800 MHz  rssi=-88.0 dBm
 152.5 [DETECT] 903.000 MHz  rssi=-89.5 dBm
 152.5 [DETECT] 903.200 MHz  rssi=-86.5 dBm
 152.5 [DETECT] 903.400 MHz  rssi=-82.5 dBm
 152.5 [DETECT] 903.600 MHz  rssi=-87.5 dBm
 152.5 [DETECT] 903.800 MHz  rssi=-85.0 dBm
 152.5 [DETECT] 904.000 MHz  rssi=-89.5 dBm
 153.0 [DETECT] 904.200 MHz  rssi=-89.5 dBm
 153.0 [DETECT] 904.400 MHz  rssi=-92.0 dBm
 153.0 [DETECT] 904.600 MHz  rssi=-94.0 dBm
 153.5 [DETECT] 909.000 MHz  rssi=-73.5 dBm
 154.0 [DETECT] 911.401 MHz  rssi=-94.0 dBm
 154.0 [DETECT] 911.801 MHz  rssi=-94.0 dBm
 156.0 [DETECT] 927.402 MHz  rssi=-80.0 dBm
 156.2 [DETECT] 927.802 MHz  rssi=-92.5 dBm
 156.2 [sweep] pass 40 strongest=-73.5dBm @ 909.000MHz  detections=813
 156.2 [DETECT] 902.000 MHz  rssi=-93.5 dBm
 156.2 [DETECT] 902.200 MHz  rssi=-89.5 dBm
 156.2 [DETECT] 902.400 MHz  rssi=-92.0 dBm
 156.2 [DETECT] 902.600 MHz  rssi=-93.0 dBm
 156.4 [DETECT] 902.800 MHz  rssi=-94.0 dBm
 156.4 [DETECT] 903.000 MHz  rssi=-93.5 dBm
 156.4 [DETECT] 903.200 MHz  rssi=-92.5 dBm
 156.4 [DETECT] 903.400 MHz  rssi=-88.0 dBm
 156.4 [DETECT] 903.600 MHz  rssi=-88.0 dBm
 156.4 [DETECT] 903.800 MHz  rssi=-90.5 dBm
 156.9 [DETECT] 904.000 MHz  rssi=-90.5 dBm
 156.9 [DETECT] 904.200 MHz  rssi=-90.5 dBm
 156.9 [DETECT] 904.400 MHz  rssi=-89.5 dBm
 156.9 [DETECT] 904.600 MHz  rssi=-92.5 dBm
 157.9 [DETECT] 911.601 MHz  rssi=-94.0 dBm
 158.4 [DETECT] 914.201 MHz  rssi=-90.5 dBm
 158.9 [DETECT] 919.601 MHz  rssi=-67.0 dBm
 158.9 [DETECT] 920.001 MHz  rssi=-92.5 dBm
 158.9 [DETECT] 920.201 MHz  rssi=-93.0 dBm
 160.1 [DETECT] 927.802 MHz  rssi=-92.5 dBm
 160.1 [sweep] pass 41 strongest=-67.0dBm @ 919.601MHz  detections=833
 160.1 [DETECT] 902.000 MHz  rssi=-91.0 dBm
 160.1 [DETECT] 902.200 MHz  rssi=-92.5 dBm
 160.1 [DETECT] 902.400 MHz  rssi=-94.0 dBm
 160.1 [DETECT] 902.600 MHz  rssi=-93.0 dBm
 160.3 [DETECT] 902.800 MHz  rssi=-92.5 dBm
 160.3 [DETECT] 903.000 MHz  rssi=-90.5 dBm
 160.3 [DETECT] 903.200 MHz  rssi=-84.5 dBm
 160.3 [DETECT] 903.400 MHz  rssi=-86.5 dBm
 160.3 [DETECT] 903.600 MHz  rssi=-86.0 dBm
 160.3 [DETECT] 903.800 MHz  rssi=-88.0 dBm
 160.8 [DETECT] 904.000 MHz  rssi=-89.5 dBm
 160.8 [DETECT] 904.200 MHz  rssi=-92.5 dBm
 160.8 [DETECT] 904.400 MHz  rssi=-90.5 dBm
 160.8 [DETECT] 904.600 MHz  rssi=-94.0 dBm
 161.8 [DETECT] 911.001 MHz  rssi=-94.0 dBm
 161.8 [DETECT] 911.401 MHz  rssi=-94.0 dBm
 161.8 [DETECT] 911.601 MHz  rssi=-92.5 dBm
 161.8 [DETECT] 912.001 MHz  rssi=-73.5 dBm
 164.0 [DETECT] 927.802 MHz  rssi=-92.5 dBm
 164.0 [sweep] pass 42 strongest=-73.5dBm @ 912.001MHz  detections=852
 164.0 [DETECT] 902.000 MHz  rssi=-92.0 dBm
 164.0 [DETECT] 902.200 MHz  rssi=-94.0 dBm
 164.0 [DETECT] 902.400 MHz  rssi=-93.5 dBm
 164.0 [DETECT] 902.600 MHz  rssi=-94.0 dBm
 164.2 [DETECT] 902.800 MHz  rssi=-92.5 dBm
 164.2 [DETECT] 903.000 MHz  rssi=-92.0 dBm
 164.2 [DETECT] 903.200 MHz  rssi=-90.0 dBm
 164.2 [DETECT] 903.400 MHz  rssi=-82.0 dBm
 164.2 [DETECT] 903.600 MHz  rssi=-88.5 dBm
 164.2 [DETECT] 903.800 MHz  rssi=-89.5 dBm
 164.7 [DETECT] 904.000 MHz  rssi=-85.5 dBm
 164.7 [DETECT] 904.200 MHz  rssi=-91.0 dBm
 164.7 [DETECT] 904.400 MHz  rssi=-74.5 dBm
 164.7 [DETECT] 904.600 MHz  rssi=-94.0 dBm
 164.7 [DETECT] 904.800 MHz  rssi=-92.5 dBm
 165.7 [DETECT] 912.001 MHz  rssi=-94.0 dBm
 167.2 [DETECT] 922.601 MHz  rssi=-79.5 dBm
 167.9 [DETECT] 927.802 MHz  rssi=-92.5 dBm
 167.9 [sweep] pass 43 strongest=-74.5dBm @ 904.400MHz  detections=870
 167.9 [DETECT] 902.000 MHz  rssi=-94.0 dBm
 167.9 [DETECT] 902.200 MHz  rssi=-92.5 dBm
 167.9 [DETECT] 902.400 MHz  rssi=-94.0 dBm
 167.9 [DETECT] 902.600 MHz  rssi=-93.0 dBm
 168.1 [DETECT] 902.800 MHz  rssi=-92.5 dBm
 168.1 [DETECT] 903.000 MHz  rssi=-94.5 dBm
 168.1 [DETECT] 903.200 MHz  rssi=-88.0 dBm
 168.1 [DETECT] 903.400 MHz  rssi=-89.0 dBm
 168.1 [DETECT] 903.600 MHz  rssi=-87.5 dBm
 168.1 [DETECT] 903.800 MHz  rssi=-90.0 dBm
 168.6 [DETECT] 904.000 MHz  rssi=-88.5 dBm
 168.6 [DETECT] 904.200 MHz  rssi=-91.0 dBm
 168.6 [DETECT] 904.400 MHz  rssi=-92.0 dBm
 168.6 [DETECT] 904.600 MHz  rssi=-94.0 dBm
 168.6 [DETECT] 904.800 MHz  rssi=-94.0 dBm
 169.6 [DETECT] 910.801 MHz  rssi=-94.0 dBm
 169.6 [DETECT] 911.001 MHz  rssi=-94.0 dBm
 169.6 [DETECT] 911.601 MHz  rssi=-94.0 dBm
 169.6 [DETECT] 911.801 MHz  rssi=-93.0 dBm
 170.1 [DETECT] 915.001 MHz  rssi=-62.5 dBm
 171.8 [DETECT] 927.802 MHz  rssi=-92.5 dBm
 171.8 [sweep] pass 44 strongest=-62.5dBm @ 915.001MHz  detections=891
 171.8 [DETECT] 902.000 MHz  rssi=-92.5 dBm
 171.8 [DETECT] 902.200 MHz  rssi=-90.0 dBm
 171.8 [DETECT] 902.400 MHz  rssi=-94.0 dBm
 171.8 [DETECT] 902.600 MHz  rssi=-90.5 dBm
 172.0 [DETECT] 902.800 MHz  rssi=-86.0 dBm
 172.0 [DETECT] 903.000 MHz  rssi=-90.5 dBm
 172.0 [DETECT] 903.200 MHz  rssi=-89.0 dBm
 172.0 [DETECT] 903.400 MHz  rssi=-88.0 dBm
 172.0 [DETECT] 903.600 MHz  rssi=-87.0 dBm
 172.0 [DETECT] 903.800 MHz  rssi=-91.0 dBm
 172.5 [DETECT] 904.000 MHz  rssi=-82.0 dBm
 172.5 [DETECT] 904.200 MHz  rssi=-84.0 dBm
 172.5 [DETECT] 904.400 MHz  rssi=-92.5 dBm
 172.5 [DETECT] 904.600 MHz  rssi=-94.0 dBm
 172.5 [DETECT] 907.200 MHz  rssi=-72.5 dBm
 173.0 [DETECT] 907.400 MHz  rssi=-76.0 dBm
 173.5 [DETECT] 910.801 MHz  rssi=-94.5 dBm
 175.5 [DETECT] 925.601 MHz  rssi=-69.0 dBm
 175.7 [DETECT] 927.802 MHz  rssi=-92.5 dBm
 175.7 [sweep] pass 45 strongest=-69.0dBm @ 925.601MHz  detections=910
 175.7 [DETECT] 902.000 MHz  rssi=-86.5 dBm
 175.7 [DETECT] 902.200 MHz  rssi=-94.0 dBm
 175.7 [DETECT] 902.400 MHz  rssi=-93.5 dBm
 175.7 [DETECT] 902.600 MHz  rssi=-94.0 dBm
 175.9 [DETECT] 902.800 MHz  rssi=-93.5 dBm
 175.9 [DETECT] 903.000 MHz  rssi=-93.0 dBm
 175.9 [DETECT] 903.200 MHz  rssi=-90.0 dBm
 175.9 [DETECT] 903.400 MHz  rssi=-87.5 dBm
 175.9 [DETECT] 903.600 MHz  rssi=-87.5 dBm
 175.9 [DETECT] 903.800 MHz  rssi=-86.5 dBm
 176.4 [DETECT] 904.000 MHz  rssi=-89.5 dBm
 176.4 [DETECT] 904.200 MHz  rssi=-90.5 dBm
 176.4 [DETECT] 904.400 MHz  rssi=-94.5 dBm
 176.4 [DETECT] 904.600 MHz  rssi=-90.5 dBm
 176.9 [DETECT] 908.600 MHz  rssi=-90.5 dBm
 177.4 [DETECT] 911.401 MHz  rssi=-94.5 dBm
 177.4 [DETECT] 911.801 MHz  rssi=-93.5 dBm
 177.4 [DETECT] 912.001 MHz  rssi=-94.0 dBm
 178.4 [DETECT] 918.001 MHz  rssi=-69.5 dBm
 179.6 [DETECT] 927.802 MHz  rssi=-92.5 dBm
 179.6 [sweep] pass 46 strongest=-69.5dBm @ 918.001MHz  detections=930
 179.6 [DETECT] 902.000 MHz  rssi=-92.5 dBm
 179.6 [DETECT] 902.200 MHz  rssi=-91.0 dBm
 179.6 [DETECT] 902.400 MHz  rssi=-89.0 dBm
 179.6 [DETECT] 902.600 MHz  rssi=-90.5 dBm
 179.8 [DETECT] 902.800 MHz  rssi=-86.0 dBm
 179.8 [DETECT] 903.000 MHz  rssi=-94.0 dBm
 179.8 [DETECT] 903.200 MHz  rssi=-87.0 dBm
 179.8 [DETECT] 903.400 MHz  rssi=-88.5 dBm
 179.8 [DETECT] 903.600 MHz  rssi=-87.0 dBm
 179.8 [DETECT] 903.800 MHz  rssi=-88.0 dBm
 180.3 [DETECT] 904.000 MHz  rssi=-90.0 dBm
 180.3 [DETECT] 904.200 MHz  rssi=-87.5 dBm
 180.3 [DETECT] 904.400 MHz  rssi=-91.5 dBm
 180.3 [DETECT] 904.600 MHz  rssi=-93.0 dBm
 180.8 [DETECT] 910.201 MHz  rssi=-74.0 dBm
 180.8 [DETECT] 910.401 MHz  rssi=-74.5 dBm
 181.3 [DETECT] 911.001 MHz  rssi=-93.5 dBm
 181.3 [DETECT] 911.201 MHz  rssi=-93.0 dBm
 181.3 [DETECT] 911.401 MHz  rssi=-94.5 dBm
 181.3 [DETECT] 911.801 MHz  rssi=-94.0 dBm
 183.5 [DETECT] 927.802 MHz  rssi=-92.5 dBm
 183.5 [sweep] pass 47 strongest=-74.0dBm @ 910.201MHz  detections=951
 183.5 [DETECT] 902.000 MHz  rssi=-92.5 dBm
 183.5 [DETECT] 902.200 MHz  rssi=-91.0 dBm
 183.5 [DETECT] 902.400 MHz  rssi=-91.5 dBm
 183.5 [DETECT] 902.600 MHz  rssi=-69.0 dBm
 183.7 [DETECT] 902.800 MHz  rssi=-93.5 dBm
 183.7 [DETECT] 903.000 MHz  rssi=-89.0 dBm
 183.7 [DETECT] 903.200 MHz  rssi=-89.5 dBm
 183.7 [DETECT] 903.400 MHz  rssi=-86.5 dBm
 183.7 [DETECT] 903.600 MHz  rssi=-86.5 dBm
 183.7 [DETECT] 903.800 MHz  rssi=-90.5 dBm
 184.2 [DETECT] 904.000 MHz  rssi=-89.5 dBm
 184.2 [DETECT] 904.200 MHz  rssi=-86.5 dBm
 184.2 [DETECT] 904.400 MHz  rssi=-90.0 dBm
 184.2 [DETECT] 904.600 MHz  rssi=-91.0 dBm
 185.2 [DETECT] 911.001 MHz  rssi=-94.0 dBm
 185.2 [DETECT] 911.401 MHz  rssi=-94.0 dBm
 185.2 [DETECT] 911.601 MHz  rssi=-94.0 dBm
 185.2 [DETECT] 911.801 MHz  rssi=-94.0 dBm
 186.7 [DETECT] 921.001 MHz  rssi=-62.5 dBm
 187.4 [DETECT] 927.802 MHz  rssi=-92.0 dBm
 187.4 [sweep] pass 48 strongest=-62.5dBm @ 921.001MHz  detections=971
 187.4 [DETECT] 902.000 MHz  rssi=-87.0 dBm
 187.4 [DETECT] 902.200 MHz  rssi=-91.5 dBm
 187.4 [DETECT] 902.400 MHz  rssi=-92.0 dBm
 187.4 [DETECT] 902.600 MHz  rssi=-92.0 dBm
 187.6 [DETECT] 902.800 MHz  rssi=-92.5 dBm
 187.6 [DETECT] 903.000 MHz  rssi=-91.5 dBm
 187.6 [DETECT] 903.200 MHz  rssi=-88.5 dBm
 187.6 [DETECT] 903.400 MHz  rssi=-89.5 dBm
 187.6 [DETECT] 903.600 MHz  rssi=-88.0 dBm
 187.6 [DETECT] 903.800 MHz  rssi=-88.0 dBm
 188.1 [DETECT] 904.000 MHz  rssi=-89.5 dBm
 188.1 [DETECT] 904.200 MHz  rssi=-91.0 dBm
 188.1 [DETECT] 904.400 MHz  rssi=-86.5 dBm
 188.1 [DETECT] 904.600 MHz  rssi=-92.5 dBm
 189.1 [DETECT] 911.401 MHz  rssi=-94.0 dBm
 189.1 [DETECT] 911.601 MHz  rssi=-93.5 dBm
 189.1 [DETECT] 913.201 MHz  rssi=-69.0 dBm
 189.1 [DETECT] 913.401 MHz  rssi=-68.5 dBm
 190.1 [DETECT] 918.001 MHz  rssi=-94.5 dBm
 190.1 [DETECT] 919.801 MHz  rssi=-94.0 dBm
 191.3 [DETECT] 927.802 MHz  rssi=-93.0 dBm
 191.3 [sweep] pass 49 strongest=-68.5dBm @ 913.401MHz  detections=992
 191.3 [DETECT] 902.000 MHz  rssi=-94.0 dBm
 191.3 [DETECT] 902.400 MHz  rssi=-93.5 dBm
 191.3 [DETECT] 902.600 MHz  rssi=-94.0 dBm
 191.3 [DETECT] 902.800 MHz  rssi=-92.0 dBm
 191.5 [DETECT] 903.000 MHz  rssi=-88.0 dBm
 191.5 [DETECT] 903.200 MHz  rssi=-88.0 dBm
 191.5 [DETECT] 903.400 MHz  rssi=-83.0 dBm
 191.5 [DETECT] 903.600 MHz  rssi=-88.5 dBm
 191.5 [DETECT] 903.800 MHz  rssi=-90.0 dBm
 191.5 [DETECT] 904.000 MHz  rssi=-88.0 dBm
 192.0 [DETECT] 904.200 MHz  rssi=-89.5 dBm
 192.0 [DETECT] 904.400 MHz  rssi=-91.0 dBm
 192.0 [DETECT] 904.600 MHz  rssi=-94.0 dBm
 192.0 [DETECT] 905.600 MHz  rssi=-64.0 dBm
 193.0 [DETECT] 911.201 MHz  rssi=-94.0 dBm
 193.0 [DETECT] 911.401 MHz  rssi=-92.0 dBm
 193.0 [DETECT] 911.601 MHz  rssi=-94.5 dBm
 193.0 [DETECT] 911.801 MHz  rssi=-92.5 dBm
 193.0 [DETECT] 912.001 MHz  rssi=-94.5 dBm
 194.5 [DETECT] 924.001 MHz  rssi=-75.5 dBm
 195.0 [DETECT] 925.601 MHz  rssi=-91.0 dBm
 195.2 [DETECT] 927.802 MHz  rssi=-92.5 dBm
 195.2 [sweep] pass 50 strongest=-64.0dBm @ 905.600MHz  detections=1014
 195.2 [DETECT] 902.200 MHz  rssi=-94.0 dBm
 195.2 [DETECT] 902.400 MHz  rssi=-94.0 dBm
 195.2 [DETECT] 902.800 MHz  rssi=-91.5 dBm
 195.2 [DETECT] 903.000 MHz  rssi=-92.5 dBm
 195.4 [DETECT] 903.200 MHz  rssi=-86.5 dBm
 195.4 [DETECT] 903.400 MHz  rssi=-86.5 dBm
 195.4 [DETECT] 903.600 MHz  rssi=-88.0 dBm
 195.4 [DETECT] 903.800 MHz  rssi=-89.0 dBm
 195.4 [DETECT] 904.000 MHz  rssi=-88.5 dBm
 195.4 [DETECT] 904.200 MHz  rssi=-91.0 dBm
 195.9 [DETECT] 904.400 MHz  rssi=-88.0 dBm
 195.9 [DETECT] 904.600 MHz  rssi=-94.0 dBm
 196.4 [DETECT] 908.200 MHz  rssi=-92.0 dBm
 197.4 [DETECT] 915.401 MHz  rssi=-94.0 dBm
 197.4 [DETECT] 916.201 MHz  rssi=-57.0 dBm
 197.4 [DETECT] 916.401 MHz  rssi=-46.0 dBm
 197.9 [DETECT] 918.201 MHz  rssi=-89.5 dBm
 198.9 [DETECT] 927.802 MHz  rssi=-92.5 dBm
 198.9 [sweep] pass 51 strongest=-46.0dBm @ 916.401MHz  detections=1032
 199.2 [DETECT] 902.000 MHz  rssi=-94.0 dBm
 199.2 [DETECT] 902.400 MHz  rssi=-94.0 dBm
 199.2 [DETECT] 902.600 MHz  rssi=-90.5 dBm
 199.2 [DETECT] 902.800 MHz  rssi=-87.0 dBm
 199.2 [DETECT] 903.200 MHz  rssi=-91.5 dBm
 199.2 [DETECT] 903.400 MHz  rssi=-87.0 dBm
 199.7 [DETECT] 903.600 MHz  rssi=-82.0 dBm
 199.7 [DETECT] 903.800 MHz  rssi=-88.0 dBm
 199.7 [DETECT] 904.000 MHz  rssi=-86.5 dBm
 199.7 [DETECT] 904.200 MHz  rssi=-91.0 dBm
 199.7 [DETECT] 904.400 MHz  rssi=-91.5 dBm
 199.7 [DETECT] 904.600 MHz  rssi=-93.0 dBm
 200.2 [DETECT] 908.600 MHz  rssi=-69.5 dBm
 200.7 [DETECT] 911.001 MHz  rssi=-92.5 dBm
 200.7 [DETECT] 911.401 MHz  rssi=-94.0 dBm
 200.7 [DETECT] 911.601 MHz  rssi=-91.0 dBm
 200.7 [DETECT] 911.801 MHz  rssi=-93.5 dBm
 200.7 [DETECT] 912.001 MHz  rssi=-94.5 dBm
 200.7 [DETECT] 912.201 MHz  rssi=-94.0 dBm
 202.7 [DETECT] 925.801 MHz  rssi=-92.5 dBm
 202.7 [DETECT] 927.002 MHz  rssi=-75.5 dBm
 203.0 [DETECT] 927.802 MHz  rssi=-92.5 dBm
 203.0 [sweep] pass 52 strongest=-69.5dBm @ 908.600MHz  detections=1054
 203.0 [DETECT] 902.000 MHz  rssi=-92.5 dBm
 203.0 [DETECT] 902.400 MHz  rssi=-94.0 dBm
 203.0 [DETECT] 902.600 MHz  rssi=-94.0 dBm
 203.0 [DETECT] 902.800 MHz  rssi=-93.0 dBm
 203.2 [DETECT] 903.000 MHz  rssi=-91.0 dBm
 203.2 [DETECT] 903.200 MHz  rssi=-88.5 dBm
 203.2 [DETECT] 903.400 MHz  rssi=-88.5 dBm
 203.2 [DETECT] 903.600 MHz  rssi=-90.5 dBm
 203.2 [DETECT] 903.800 MHz  rssi=-90.0 dBm
 203.2 [DETECT] 904.000 MHz  rssi=-87.0 dBm
 203.7 [DETECT] 904.200 MHz  rssi=-90.5 dBm
 203.7 [DETECT] 904.400 MHz  rssi=-86.5 dBm
 203.7 [DETECT] 904.600 MHz  rssi=-92.5 dBm
 204.7 [DETECT] 911.201 MHz  rssi=-93.5 dBm
 204.7 [DETECT] 911.401 MHz  rssi=-94.0 dBm
 204.7 [DETECT] 911.601 MHz  rssi=-94.0 dBm
 204.7 [DETECT] 911.801 MHz  rssi=-90.0 dBm
 205.7 [DETECT] 919.201 MHz  rssi=-72.5 dBm
 205.7 [DETECT] 919.401 MHz  rssi=-72.0 dBm
 206.9 [DETECT] 927.802 MHz  rssi=-92.5 dBm
 206.9 [sweep] pass 53 strongest=-72.0dBm @ 919.401MHz  detections=1074
 206.9 [DETECT] 902.000 MHz  rssi=-88.0 dBm
 206.9 [DETECT] 902.200 MHz  rssi=-93.5 dBm
 206.9 [DETECT] 902.400 MHz  rssi=-93.0 dBm
 206.9 [DETECT] 902.600 MHz  rssi=-92.5 dBm
 207.1 [DETECT] 902.800 MHz  rssi=-92.5 dBm
 207.1 [DETECT] 903.000 MHz  rssi=-91.0 dBm
 207.1 [DETECT] 903.200 MHz  rssi=-91.0 dBm
 207.1 [DETECT] 903.400 MHz  rssi=-88.5 dBm
 207.1 [DETECT] 903.600 MHz  rssi=-90.5 dBm
 207.1 [DETECT] 903.800 MHz  rssi=-89.5 dBm
 207.6 [DETECT] 904.000 MHz  rssi=-88.0 dBm
 207.6 [DETECT] 904.200 MHz  rssi=-90.5 dBm
 207.6 [DETECT] 904.400 MHz  rssi=-92.0 dBm
 207.6 [DETECT] 904.800 MHz  rssi=-94.5 dBm
 208.6 [DETECT] 911.601 MHz  rssi=-66.5 dBm
 208.6 [DETECT] 911.801 MHz  rssi=-93.5 dBm
 210.8 [DETECT] 927.802 MHz  rssi=-92.5 dBm
 210.8 [sweep] pass 54 strongest=-66.5dBm @ 911.601MHz  detections=1091
 210.8 [DETECT] 902.000 MHz  rssi=-94.0 dBm
 210.8 [DETECT] 902.200 MHz  rssi=-93.5 dBm
 210.8 [DETECT] 902.400 MHz  rssi=-91.0 dBm
 210.8 [DETECT] 902.600 MHz  rssi=-94.5 dBm
 211.0 [DETECT] 902.800 MHz  rssi=-93.5 dBm
 211.0 [DETECT] 903.000 MHz  rssi=-94.0 dBm
 211.0 [DETECT] 903.200 MHz  rssi=-89.0 dBm
 211.0 [DETECT] 903.400 MHz  rssi=-90.5 dBm
 211.0 [DETECT] 903.600 MHz  rssi=-84.5 dBm
 211.0 [DETECT] 903.800 MHz  rssi=-86.0 dBm
 211.5 [DETECT] 904.000 MHz  rssi=-76.0 dBm
 211.5 [DETECT] 904.200 MHz  rssi=-89.5 dBm
 211.5 [DETECT] 904.400 MHz  rssi=-92.5 dBm
 211.5 [DETECT] 904.600 MHz  rssi=-94.0 dBm
 211.5 [DETECT] 904.800 MHz  rssi=-89.5 dBm
 212.0 [DETECT] 907.800 MHz  rssi=-94.0 dBm
 212.2 [DETECT] 911.001 MHz  rssi=-94.0 dBm
 212.2 [DETECT] 911.201 MHz  rssi=-94.5 dBm
 212.2 [DETECT] 911.401 MHz  rssi=-92.5 dBm
 212.2 [DETECT] 911.601 MHz  rssi=-94.5 dBm
 212.2 [DETECT] 911.801 MHz  rssi=-89.5 dBm
 212.2 [DETECT] 912.001 MHz  rssi=-94.0 dBm
 212.7 [DETECT] 912.201 MHz  rssi=-92.0 dBm
 212.7 [DETECT] 912.401 MHz  rssi=-94.0 dBm
 213.7 [DETECT] 922.201 MHz  rssi=-70.0 dBm
 214.2 [DETECT] 922.401 MHz  rssi=-71.5 dBm
 214.7 [DETECT] 927.802 MHz  rssi=-92.5 dBm
 214.7 [sweep] pass 55 strongest=-70.0dBm @ 922.201MHz  detections=1118
 214.7 [DETECT] 902.000 MHz  rssi=-94.0 dBm
 214.7 [DETECT] 902.200 MHz  rssi=-94.0 dBm
 214.7 [DETECT] 902.400 MHz  rssi=-94.0 dBm
 214.7 [DETECT] 902.600 MHz  rssi=-91.0 dBm
 214.9 [DETECT] 902.800 MHz  rssi=-93.0 dBm
 214.9 [DETECT] 903.000 MHz  rssi=-88.5 dBm
 214.9 [DETECT] 903.200 MHz  rssi=-88.0 dBm
 214.9 [DETECT] 903.400 MHz  rssi=-88.0 dBm
 214.9 [DETECT] 903.600 MHz  rssi=-82.5 dBm
 214.9 [DETECT] 903.800 MHz  rssi=-86.5 dBm
 215.4 [DETECT] 904.000 MHz  rssi=-87.0 dBm
 215.4 [DETECT] 904.200 MHz  rssi=-86.0 dBm
 215.4 [DETECT] 904.400 MHz  rssi=-93.0 dBm
 215.4 [DETECT] 904.600 MHz  rssi=-93.5 dBm
 215.4 [DETECT] 904.800 MHz  rssi=-94.0 dBm
 215.4 [DETECT] 905.800 MHz  rssi=-52.0 dBm
 216.4 [DETECT] 911.001 MHz  rssi=-94.0 dBm
 216.4 [DETECT] 911.201 MHz  rssi=-93.0 dBm
 216.4 [DETECT] 911.401 MHz  rssi=-92.0 dBm
 216.4 [DETECT] 912.001 MHz  rssi=-94.5 dBm
 216.4 [DETECT] 912.201 MHz  rssi=-94.5 dBm
 216.9 [DETECT] 914.601 MHz  rssi=-74.5 dBm
 216.9 [DETECT] 916.601 MHz  rssi=-90.5 dBm
 218.6 [DETECT] 927.802 MHz  rssi=-93.0 dBm
 218.6 [sweep] pass 56 strongest=-52.0dBm @ 905.800MHz  detections=1142
 218.6 [DETECT] 902.000 MHz  rssi=-93.0 dBm
 218.6 [DETECT] 902.200 MHz  rssi=-90.0 dBm
 218.6 [DETECT] 902.400 MHz  rssi=-93.0 dBm
 218.6 [DETECT] 902.600 MHz  rssi=-92.5 dBm
 218.8 [DETECT] 902.800 MHz  rssi=-92.5 dBm
 218.8 [DETECT] 903.000 MHz  rssi=-92.0 dBm
 218.8 [DETECT] 903.200 MHz  rssi=-87.5 dBm
 218.8 [DETECT] 903.400 MHz  rssi=-88.0 dBm
 218.8 [DETECT] 903.600 MHz  rssi=-88.0 dBm
 218.8 [DETECT] 903.800 MHz  rssi=-90.5 dBm
 219.3 [DETECT] 904.000 MHz  rssi=-90.5 dBm
 219.3 [DETECT] 904.200 MHz  rssi=-90.5 dBm
 219.3 [DETECT] 904.400 MHz  rssi=-91.5 dBm
 219.3 [DETECT] 904.600 MHz  rssi=-94.5 dBm
 219.3 [DETECT] 904.800 MHz  rssi=-92.0 dBm
 219.3 [DETECT] 907.000 MHz  rssi=-63.5 dBm
 220.3 [DETECT] 912.001 MHz  rssi=-94.0 dBm
 220.3 [DETECT] 912.201 MHz  rssi=-90.5 dBm
 220.3 [DETECT] 912.401 MHz  rssi=-94.0 dBm
 220.3 [DETECT] 912.601 MHz  rssi=-94.0 dBm
 222.3 [DETECT] 925.201 MHz  rssi=-79.0 dBm
 222.5 [DETECT] 927.802 MHz  rssi=-92.5 dBm
 222.5 [sweep] pass 57 strongest=-63.5dBm @ 907.000MHz  detections=1164
 222.5 [DETECT] 902.200 MHz  rssi=-92.5 dBm
 222.5 [DETECT] 902.400 MHz  rssi=-94.5 dBm
 222.5 [DETECT] 902.600 MHz  rssi=-94.0 dBm
 222.5 [DETECT] 902.800 MHz  rssi=-94.0 dBm
 222.7 [DETECT] 903.000 MHz  rssi=-94.5 dBm
 222.7 [DETECT] 903.200 MHz  rssi=-88.0 dBm
 222.7 [DETECT] 903.400 MHz  rssi=-84.5 dBm
 222.7 [DETECT] 903.600 MHz  rssi=-85.5 dBm
 222.7 [DETECT] 903.800 MHz  rssi=-88.5 dBm
 222.7 [DETECT] 904.000 MHz  rssi=-89.5 dBm
 223.2 [DETECT] 904.200 MHz  rssi=-88.0 dBm
 223.2 [DETECT] 904.400 MHz  rssi=-89.0 dBm
 223.2 [DETECT] 904.600 MHz  rssi=-91.5 dBm
 224.2 [DETECT] 911.201 MHz  rssi=-94.5 dBm
 224.2 [DETECT] 911.601 MHz  rssi=-94.5 dBm
 224.2 [DETECT] 911.801 MHz  rssi=-93.5 dBm
 225.2 [DETECT] 917.601 MHz  rssi=-27.5 dBm
 225.2 [DETECT] 918.601 MHz  rssi=-86.5 dBm
 226.2 [DETECT] 925.401 MHz  rssi=-94.5 dBm
 226.4 [DETECT] 927.802 MHz  rssi=-92.0 dBm
 226.4 [sweep] pass 58 strongest=-27.5dBm @ 917.601MHz  detections=1184
 226.4 [DETECT] 902.000 MHz  rssi=-92.5 dBm
 226.4 [DETECT] 902.200 MHz  rssi=-94.0 dBm
 226.4 [DETECT] 902.400 MHz  rssi=-90.0 dBm
 226.4 [DETECT] 902.600 MHz  rssi=-93.0 dBm
 226.6 [DETECT] 902.800 MHz  rssi=-94.0 dBm
 226.6 [DETECT] 903.000 MHz  rssi=-91.5 dBm
 226.6 [DETECT] 903.200 MHz  rssi=-92.5 dBm
 226.6 [DETECT] 903.400 MHz  rssi=-88.0 dBm
 226.6 [DETECT] 903.600 MHz  rssi=-87.5 dBm
 226.6 [DETECT] 903.800 MHz  rssi=-84.0 dBm
 227.1 [DETECT] 904.000 MHz  rssi=-91.0 dBm
 227.1 [DETECT] 904.200 MHz  rssi=-89.0 dBm
 227.1 [DETECT] 904.400 MHz  rssi=-93.5 dBm
 227.1 [DETECT] 904.600 MHz  rssi=-93.5 dBm
 227.6 [DETECT] 910.000 MHz  rssi=-73.5 dBm
 228.1 [DETECT] 910.801 MHz  rssi=-94.0 dBm
 228.1 [DETECT] 911.001 MHz  rssi=-94.5 dBm
 228.1 [DETECT] 911.201 MHz  rssi=-92.0 dBm
 228.1 [DETECT] 911.401 MHz  rssi=-94.5 dBm
 230.3 [DETECT] 927.802 MHz  rssi=-91.5 dBm
 230.3 [sweep] pass 59 strongest=-73.5dBm @ 910.000MHz  detections=1204
 230.3 [DETECT] 902.000 MHz  rssi=-92.5 dBm
 230.3 [DETECT] 902.200 MHz  rssi=-67.5 dBm
 230.3 [DETECT] 902.400 MHz  rssi=-92.5 dBm
 230.3 [DETECT] 903.000 MHz  rssi=-91.5 dBm
 230.5 [DETECT] 903.200 MHz  rssi=-83.5 dBm
 230.5 [DETECT] 903.400 MHz  rssi=-87.0 dBm
 230.5 [DETECT] 903.600 MHz  rssi=-82.5 dBm
 230.5 [DETECT] 903.800 MHz  rssi=-85.0 dBm
 230.5 [DETECT] 904.000 MHz  rssi=-82.5 dBm
 230.5 [DETECT] 904.200 MHz  rssi=-89.5 dBm
 231.0 [DETECT] 904.400 MHz  rssi=-87.5 dBm
 231.0 [DETECT] 904.600 MHz  rssi=-94.0 dBm
 231.0 [DETECT] 904.800 MHz  rssi=-92.5 dBm
 231.5 [DETECT] 909.400 MHz  rssi=-93.5 dBm
 231.5 [DETECT] 911.001 MHz  rssi=-94.0 dBm
 232.0 [DETECT] 911.201 MHz  rssi=-90.5 dBm
 232.0 [DETECT] 911.401 MHz  rssi=-94.0 dBm
 232.0 [DETECT] 911.801 MHz  rssi=-94.5 dBm
 232.0 [DETECT] 912.001 MHz  rssi=-88.5 dBm
 232.5 [DETECT] 916.001 MHz  rssi=-89.0 dBm
 232.5 [DETECT] 916.201 MHz  rssi=-90.5 dBm
 233.0 [DETECT] 920.601 MHz  rssi=-63.0 dBm
 234.2 [DETECT] 927.802 MHz  rssi=-92.5 dBm
 234.2 [sweep] pass 60 strongest=-63.0dBm @ 920.601MHz  detections=1227
 234.2 [DETECT] 902.000 MHz  rssi=-88.5 dBm
 234.2 [DETECT] 902.200 MHz  rssi=-92.5 dBm
 234.2 [DETECT] 902.600 MHz  rssi=-94.0 dBm
 234.2 [DETECT] 902.800 MHz  rssi=-93.5 dBm
 234.4 [DETECT] 903.000 MHz  rssi=-88.5 dBm
 234.4 [DETECT] 903.200 MHz  rssi=-88.0 dBm
 234.4 [DETECT] 903.400 MHz  rssi=-85.5 dBm
 234.4 [DETECT] 903.600 MHz  rssi=-89.0 dBm
 234.4 [DETECT] 903.800 MHz  rssi=-89.0 dBm
 234.4 [DETECT] 904.000 MHz  rssi=-88.5 dBm
 234.9 [DETECT] 904.200 MHz  rssi=-91.0 dBm
 234.9 [DETECT] 904.400 MHz  rssi=-87.0 dBm
 234.9 [DETECT] 904.600 MHz  rssi=-93.0 dBm
 234.9 [DETECT] 904.800 MHz  rssi=-94.5 dBm
 235.9 [DETECT] 913.001 MHz  rssi=-65.5 dBm
 238.1 [DETECT] 927.802 MHz  rssi=-92.5 dBm
 238.1 [sweep] pass 61 strongest=-65.5dBm @ 913.001MHz  detections=1243
 238.1 [DETECT] 902.000 MHz  rssi=-92.0 dBm
 238.1 [DETECT] 902.200 MHz  rssi=-92.5 dBm
 238.1 [DETECT] 902.400 MHz  rssi=-91.0 dBm
 238.1 [DETECT] 902.600 MHz  rssi=-94.0 dBm
 238.3 [DETECT] 903.000 MHz  rssi=-91.0 dBm
 238.3 [DETECT] 903.200 MHz  rssi=-91.0 dBm
 238.3 [DETECT] 903.400 MHz  rssi=-90.5 dBm
 238.3 [DETECT] 903.600 MHz  rssi=-87.5 dBm
 238.3 [DETECT] 903.800 MHz  rssi=-89.5 dBm
 238.3 [DETECT] 904.000 MHz  rssi=-91.0 dBm
 238.8 [DETECT] 904.200 MHz  rssi=-91.0 dBm
 238.8 [DETECT] 904.400 MHz  rssi=-91.5 dBm
 238.8 [DETECT] 905.200 MHz  rssi=-69.5 dBm
 239.8 [DETECT] 911.201 MHz  rssi=-94.0 dBm
 239.8 [DETECT] 911.801 MHz  rssi=-94.0 dBm
 239.8 [DETECT] 912.001 MHz  rssi=-91.5 dBm
 241.3 [DETECT] 923.001 MHz  rssi=-93.5 dBm
 241.3 [DETECT] 923.201 MHz  rssi=-94.0 dBm
 241.3 [DETECT] 923.601 MHz  rssi=-61.0 dBm
 242.0 [DETECT] 927.802 MHz  rssi=-93.0 dBm
 242.0 [sweep] pass 62 strongest=-61.0dBm @ 923.601MHz  detections=1263
 242.0 [DETECT] 902.000 MHz  rssi=-93.0 dBm
 242.0 [DETECT] 902.400 MHz  rssi=-92.5 dBm
 242.0 [DETECT] 902.600 MHz  rssi=-88.0 dBm
 242.0 [DETECT] 902.800 MHz  rssi=-94.5 dBm
 242.2 [DETECT] 903.000 MHz  rssi=-89.5 dBm
 242.2 [DETECT] 903.200 MHz  rssi=-82.5 dBm
 242.2 [DETECT] 903.400 MHz  rssi=-86.0 dBm
 242.2 [DETECT] 903.600 MHz  rssi=-82.0 dBm
 242.2 [DETECT] 903.800 MHz  rssi=-84.0 dBm
 242.2 [DETECT] 904.000 MHz  rssi=-91.5 dBm
 242.7 [DETECT] 904.200 MHz  rssi=-87.0 dBm
 242.7 [DETECT] 904.400 MHz  rssi=-91.0 dBm
 242.7 [DETECT] 904.600 MHz  rssi=-94.0 dBm
 243.7 [DETECT] 911.801 MHz  rssi=-94.5 dBm
 243.7 [DETECT] 912.001 MHz  rssi=-94.0 dBm
 244.2 [DETECT] 916.001 MHz  rssi=-69.0 dBm
 245.9 [DETECT] 927.802 MHz  rssi=-92.5 dBm
 245.9 [sweep] pass 63 strongest=-69.0dBm @ 916.001MHz  detections=1280
 245.9 [DETECT] 902.000 MHz  rssi=-94.5 dBm
 245.9 [DETECT] 902.200 MHz  rssi=-91.5 dBm
 245.9 [DETECT] 902.400 MHz  rssi=-92.5 dBm
 245.9 [DETECT] 902.600 MHz  rssi=-89.5 dBm
 246.1 [DETECT] 902.800 MHz  rssi=-94.5 dBm
 246.1 [DETECT] 903.000 MHz  rssi=-91.0 dBm
 246.1 [DETECT] 903.200 MHz  rssi=-90.5 dBm
 246.1 [DETECT] 903.400 MHz  rssi=-88.0 dBm
 246.1 [DETECT] 903.600 MHz  rssi=-86.5 dBm
 246.1 [DETECT] 903.800 MHz  rssi=-83.0 dBm
 246.6 [DETECT] 904.000 MHz  rssi=-86.5 dBm
 246.6 [DETECT] 904.200 MHz  rssi=-88.5 dBm
 246.6 [DETECT] 904.400 MHz  rssi=-90.0 dBm
 246.6 [DETECT] 904.600 MHz  rssi=-94.0 dBm
 246.6 [DETECT] 904.800 MHz  rssi=-93.0 dBm
 247.1 [DETECT] 908.200 MHz  rssi=-68.0 dBm
 247.6 [DETECT] 911.401 MHz  rssi=-94.0 dBm
 247.6 [DETECT] 911.601 MHz  rssi=-94.0 dBm
 248.1 [DETECT] 915.201 MHz  rssi=-94.0 dBm
 248.1 [DETECT] 915.401 MHz  rssi=-93.0 dBm
 248.1 [DETECT] 915.601 MHz  rssi=-94.0 dBm
 249.6 [DETECT] 926.602 MHz  rssi=-70.5 dBm
 249.8 [DETECT] 927.802 MHz  rssi=-92.5 dBm
 249.8 [sweep] pass 64 strongest=-68.0dBm @ 908.200MHz  detections=1303
 249.8 [DETECT] 902.400 MHz  rssi=-92.0 dBm
 249.8 [DETECT] 902.600 MHz  rssi=-93.5 dBm
 249.8 [DETECT] 902.800 MHz  rssi=-93.0 dBm
 249.8 [DETECT] 903.000 MHz  rssi=-94.0 dBm
 250.0 [DETECT] 903.200 MHz  rssi=-86.5 dBm
 250.0 [DETECT] 903.400 MHz  rssi=-86.5 dBm
 250.0 [DETECT] 903.600 MHz  rssi=-87.0 dBm
 250.0 [DETECT] 903.800 MHz  rssi=-87.0 dBm
 250.0 [DETECT] 904.000 MHz  rssi=-88.0 dBm
 250.0 [DETECT] 904.200 MHz  rssi=-91.0 dBm
